{"command": ["/opt/homebrew/Cellar/go/1.26.5/bin/go", "list", "-tags=fuzz", "./..."], "module": "/var/folders/46/5ywmz5gj26n7mnky51gd60g00000gn/T/tmpb8fz4nm6", "GOWORK": "off", "timeout_seconds": 600}
{"exit_code": 0, "elapsed_seconds": 0.013}
{"command": ["/opt/homebrew/Cellar/go/1.26.5/bin/go", "test", "-tags=fuzz", "-list=^Fuzz", "example.invalid/adversarial"], "module": "/var/folders/46/5ywmz5gj26n7mnky51gd60g00000gn/T/tmpb8fz4nm6", "GOWORK": "off", "timeout_seconds": 600}
{"exit_code": 0, "elapsed_seconds": 0.734}
{"command": ["/opt/homebrew/Cellar/go/1.26.5/bin/go", "test", "-tags=fuzz", "-run=^$", "-fuzz=^FuzzASCII$", "-fuzztime=1s", "-parallel=2", "example.invalid/adversarial"], "module": "/var/folders/46/5ywmz5gj26n7mnky51gd60g00000gn/T/tmpb8fz4nm6", "GOWORK": "off", "timeout_seconds": 61}
fuzz: elapsed: 0s, gathering baseline coverage: 0/1 completed
fuzz: elapsed: 0s, gathering baseline coverage: 1/1 completed, now fuzzing with 2 workers
fuzz: elapsed: 1s, execs: 122977 (121307/sec), new interesting: 0 (total: 1)
PASS
ok  	example.invalid/adversarial	1.406s
{"exit_code": 0, "elapsed_seconds": 1.793}
{"command": ["/opt/homebrew/Cellar/go/1.26.5/bin/go", "test", "-tags=fuzz", "-run=^$", "-fuzz=^Fuzz\u037a$", "-fuzztime=1s", "-parallel=2", "example.invalid/adversarial"], "module": "/var/folders/46/5ywmz5gj26n7mnky51gd60g00000gn/T/tmpb8fz4nm6", "GOWORK": "off", "timeout_seconds": 61}
fuzz: elapsed: 0s, gathering baseline coverage: 0/1 completed
fuzz: elapsed: 0s, gathering baseline coverage: 1/1 completed, now fuzzing with 2 workers
fuzz: elapsed: 1s, execs: 122948 (121117/sec), new interesting: 0 (total: 1)
PASS
ok  	example.invalid/adversarial	1.278s
{"exit_code": 0, "elapsed_seconds": 1.592}
PASS real multi-function ASCII+Go-only Unicode-letter fuzz campaign ['-fuzz=^FuzzASCII$', '-fuzz=^Fuzzͺ$']
PASS actual KeyboardInterrupt cleans owned descendant group; runner exit -2
