{"command": ["/opt/homebrew/Cellar/go/1.26.5/bin/go", "version"], "module": ".", "GOWORK": "off", "timeout_seconds": 600}
{"exit_code": 0, "elapsed_seconds": 0.011}
{"command": ["golangci-lint", "version"], "module": ".", "GOWORK": "off", "timeout_seconds": 600}
{"exit_code": 0, "elapsed_seconds": 0.058}
{"go": "go version go1.26.5 darwin/arm64", "golangci_lint": "golangci-lint has version 2.14.0 built with go1.27.1 from 114493f on 2026-09-24T10:54:53Z", "python": "3.14.6 (main, Jun 10 2026, 10:03:53) [Clang 21.0.0 (clang-2100.0.123.102)]", "validated": {"go": "1.26.5", "golangci_lint": "2.14.0"}}
{"command": ["golangci-lint", "run", "--allow-serial-runners", "./..."], "module": ".", "GOWORK": "off", "timeout_seconds": 600}
level=warning msg="The linter 'exhaustruct' is deprecated (since v2.13.0) due to: new major version. Replaced by exhaustruct_v5."
0 issues.
{"exit_code": 0, "elapsed_seconds": 1.766}
{"command": ["/opt/homebrew/Cellar/go/1.26.5/bin/go", "test", "-count=1", "-race", "./..."], "module": ".", "GOWORK": "off", "timeout_seconds": 600}
ok  	github.com/skosovsky/ragy	1.455s
ok  	github.com/skosovsky/ragy/access	1.914s
ok  	github.com/skosovsky/ragy/chunking	1.438s
ok  	github.com/skosovsky/ragy/contracttest	1.457s
ok  	github.com/skosovsky/ragy/dense	1.931s
ok  	github.com/skosovsky/ragy/dense/persistent	10.000s
ok  	github.com/skosovsky/ragy/documents	1.505s
ok  	github.com/skosovsky/ragy/embedding	1.470s
ok  	github.com/skosovsky/ragy/evidence	1.647s
?   	github.com/skosovsky/ragy/examples/local-bm25	[no test files]
ok  	github.com/skosovsky/ragy/filter	1.506s
ok  	github.com/skosovsky/ragy/graph	1.528s
ok  	github.com/skosovsky/ragy/graph/managed	6.807s
ok  	github.com/skosovsky/ragy/graphingest	1.726s
ok  	github.com/skosovsky/ragy/graphingest/extraction	1.568s
ok  	github.com/skosovsky/ragy/graphingest/materialization	2.117s
ok  	github.com/skosovsky/ragy/graphingest/resolution	1.411s
ok  	github.com/skosovsky/ragy/graphingest/resolution/history	1.698s
ok  	github.com/skosovsky/ragy/internal/durablefs	1.483s
?   	github.com/skosovsky/ragy/internal/ident	[no test files]
?   	github.com/skosovsky/ragy/internal/mathutil	[no test files]
?   	github.com/skosovsky/ragy/internal/metaattrs	[no test files]
?   	github.com/skosovsky/ragy/internal/nilvalue	[no test files]
ok  	github.com/skosovsky/ragy/internal/parallel	1.415s
ok  	github.com/skosovsky/ragy/internal/providerhttp	1.588s
ok  	github.com/skosovsky/ragy/internal/readfailure	1.410s
ok  	github.com/skosovsky/ragy/layout	1.557s
ok  	github.com/skosovsky/ragy/lexical	1.528s
ok  	github.com/skosovsky/ragy/lexical/managed	8.190s
ok  	github.com/skosovsky/ragy/lifecycle	8.148s
ok  	github.com/skosovsky/ragy/lifecycle/filestore	3.840s
ok  	github.com/skosovsky/ragy/lifecycle/integration	60.440s
ok  	github.com/skosovsky/ragy/multimodal	1.440s
ok  	github.com/skosovsky/ragy/observation	1.518s
ok  	github.com/skosovsky/ragy/recipe	1.777s
ok  	github.com/skosovsky/ragy/recipe/budget	1.560s
ok  	github.com/skosovsky/ragy/recipe/graphexpand	2.180s
ok  	github.com/skosovsky/ragy/recipe/graphsummary	2.839s
ok  	github.com/skosovsky/ragy/recipe/recording	1.437s
ok  	github.com/skosovsky/ragy/retrieval	1.567s
ok  	github.com/skosovsky/ragy/source	1.521s
ok  	github.com/skosovsky/ragy/tensor	1.593s
ok  	github.com/skosovsky/ragy/tensor/persistent	8.931s
ok  	github.com/skosovsky/ragy/tensor/query	1.469s
ok  	github.com/skosovsky/ragy/testutil	1.534s
{"exit_code": 0, "elapsed_seconds": 65.868}
{"command": ["/opt/homebrew/Cellar/go/1.26.5/bin/go", "build", "-o", "/dev/null", "./examples/local-bm25"], "module": ".", "GOWORK": "off", "timeout_seconds": 600}
{"exit_code": 0, "elapsed_seconds": 1.736}
{"command": ["/opt/homebrew/opt/python@3.14/bin/python3.14", "scripts/verify_test.py", "-v"], "module": ".", "GOWORK": "off", "timeout_seconds": 600}
test_acceptance_rejects_toolchain_suffix_or_mismatch (__main__.VerificationContract.test_acceptance_rejects_toolchain_suffix_or_mismatch) ... ok
test_actual_subprocess_timeout_is_bounded (__main__.VerificationContract.test_actual_subprocess_timeout_is_bounded) ... ok
test_fresh_and_cached_dispatch_once_per_module (__main__.VerificationContract.test_fresh_and_cached_dispatch_once_per_module) ... ok
test_fuzz_listing_failure_propagates (__main__.VerificationContract.test_fuzz_listing_failure_propagates) ... ok
test_fuzz_names_cover_unicode_and_bare_prefix (__main__.VerificationContract.test_fuzz_names_cover_unicode_and_bare_prefix) ... ok
test_inventory_rejects_omitted_and_duplicate_modules (__main__.VerificationContract.test_inventory_rejects_omitted_and_duplicate_modules) ... ok
test_multiple_fuzz_functions_are_individual_and_anchored (__main__.VerificationContract.test_multiple_fuzz_functions_are_individual_and_anchored) ... ok
test_subprocess_forces_off_workspace_and_preserves_nonzero (__main__.VerificationContract.test_subprocess_forces_off_workspace_and_preserves_nonzero) ... ok
test_zero_and_excessive_fuzz_budget_rejected (__main__.VerificationContract.test_zero_and_excessive_fuzz_budget_rejected) ... ok

----------------------------------------------------------------------
Ran 9 tests in 0.134s

OK
{"exit_code": 0, "elapsed_seconds": 0.277}
{"command": ["/opt/homebrew/opt/python@3.14/bin/python3.14", "scripts/check_release_consumer_test.py", "-v"], "module": ".", "GOWORK": "off", "timeout_seconds": 600}
test_actual_go_selection_excludes_main_and_test_only_packages (__main__.ConsumerProfile.test_actual_go_selection_excludes_main_and_test_only_packages) ... ok
test_diagnostic_stderr_is_not_inventory_stdout (__main__.ConsumerProfile.test_diagnostic_stderr_is_not_inventory_stdout) ... ok
test_proxy_root_excludes_nested_modules_and_untracked_payload (__main__.ConsumerProfile.test_proxy_root_excludes_nested_modules_and_untracked_payload) ... ok

----------------------------------------------------------------------
Ran 3 tests in 0.199s

OK
{"exit_code": 0, "elapsed_seconds": 0.334}
