{"command": ["/opt/homebrew/Cellar/go/1.26.5/bin/go", "list", "-tags=fuzz", "./..."], "module": ".", "GOWORK": "off", "timeout_seconds": 600}
go: writing stat cache: mkdir /Users/skosovsky/go/pkg/mod/cache/download/github.com/skosovsky/ragy: operation not permitted
{"exit_code": 0, "elapsed_seconds": 0.272}
{"command": ["/opt/homebrew/Cellar/go/1.26.5/bin/go", "test", "-tags=fuzz", "-list=^Fuzz", "github.com/skosovsky/ragy"], "module": ".", "GOWORK": "off", "timeout_seconds": 600}
{"exit_code": 0, "elapsed_seconds": 0.687}
{"command": ["/opt/homebrew/Cellar/go/1.26.5/bin/go", "test", "-tags=fuzz", "-list=^Fuzz", "github.com/skosovsky/ragy/access"], "module": ".", "GOWORK": "off", "timeout_seconds": 600}
{"exit_code": 0, "elapsed_seconds": 0.747}
{"command": ["/opt/homebrew/Cellar/go/1.26.5/bin/go", "test", "-tags=fuzz", "-list=^Fuzz", "github.com/skosovsky/ragy/chunking"], "module": ".", "GOWORK": "off", "timeout_seconds": 600}
{"exit_code": 0, "elapsed_seconds": 1.346}
{"command": ["/opt/homebrew/Cellar/go/1.26.5/bin/go", "test", "-tags=fuzz", "-run=^$", "-fuzz=^FuzzRecursiveCoordinates$", "-fuzztime=2s", "-parallel=2", "github.com/skosovsky/ragy/chunking"], "module": ".", "GOWORK": "off", "timeout_seconds": 62}
fuzz: elapsed: 0s, gathering baseline coverage: 0/4 completed
fuzz: elapsed: 0s, gathering baseline coverage: 4/4 completed, now fuzzing with 2 workers
fuzz: elapsed: 3s, execs: 40565 (13517/sec), new interesting: 72 (total: 76)
fuzz: elapsed: 3s, execs: 40565 (0/sec), new interesting: 72 (total: 76)
PASS
ok  	github.com/skosovsky/ragy/chunking	3.418s
{"exit_code": 0, "elapsed_seconds": 19.72}
{"command": ["/opt/homebrew/Cellar/go/1.26.5/bin/go", "test", "-tags=fuzz", "-list=^Fuzz", "github.com/skosovsky/ragy/contracttest"], "module": ".", "GOWORK": "off", "timeout_seconds": 600}
{"exit_code": 0, "elapsed_seconds": 0.918}
{"command": ["/opt/homebrew/Cellar/go/1.26.5/bin/go", "test", "-tags=fuzz", "-list=^Fuzz", "github.com/skosovsky/ragy/dense"], "module": ".", "GOWORK": "off", "timeout_seconds": 600}
{"exit_code": 0, "elapsed_seconds": 0.839}
{"command": ["/opt/homebrew/Cellar/go/1.26.5/bin/go", "test", "-tags=fuzz", "-list=^Fuzz", "github.com/skosovsky/ragy/dense/persistent"], "module": ".", "GOWORK": "off", "timeout_seconds": 600}
{"exit_code": 0, "elapsed_seconds": 1.07}
{"command": ["/opt/homebrew/Cellar/go/1.26.5/bin/go", "test", "-tags=fuzz", "-list=^Fuzz", "github.com/skosovsky/ragy/documents"], "module": ".", "GOWORK": "off", "timeout_seconds": 600}
{"exit_code": 0, "elapsed_seconds": 0.87}
{"command": ["/opt/homebrew/Cellar/go/1.26.5/bin/go", "test", "-tags=fuzz", "-list=^Fuzz", "github.com/skosovsky/ragy/embedding"], "module": ".", "GOWORK": "off", "timeout_seconds": 600}
{"exit_code": 0, "elapsed_seconds": 0.698}
{"command": ["/opt/homebrew/Cellar/go/1.26.5/bin/go", "test", "-tags=fuzz", "-list=^Fuzz", "github.com/skosovsky/ragy/evidence"], "module": ".", "GOWORK": "off", "timeout_seconds": 600}
{"exit_code": 0, "elapsed_seconds": 0.874}
{"command": ["/opt/homebrew/Cellar/go/1.26.5/bin/go", "test", "-tags=fuzz", "-list=^Fuzz", "github.com/skosovsky/ragy/examples/local-bm25"], "module": ".", "GOWORK": "off", "timeout_seconds": 600}
{"exit_code": 0, "elapsed_seconds": 0.293}
{"command": ["/opt/homebrew/Cellar/go/1.26.5/bin/go", "test", "-tags=fuzz", "-list=^Fuzz", "github.com/skosovsky/ragy/filter"], "module": ".", "GOWORK": "off", "timeout_seconds": 600}
{"exit_code": 0, "elapsed_seconds": 0.902}
{"command": ["/opt/homebrew/Cellar/go/1.26.5/bin/go", "test", "-tags=fuzz", "-list=^Fuzz", "github.com/skosovsky/ragy/graph"], "module": ".", "GOWORK": "off", "timeout_seconds": 600}
{"exit_code": 0, "elapsed_seconds": 0.764}
{"command": ["/opt/homebrew/Cellar/go/1.26.5/bin/go", "test", "-tags=fuzz", "-list=^Fuzz", "github.com/skosovsky/ragy/graph/managed"], "module": ".", "GOWORK": "off", "timeout_seconds": 600}
{"exit_code": 0, "elapsed_seconds": 1.039}
{"command": ["/opt/homebrew/Cellar/go/1.26.5/bin/go", "test", "-tags=fuzz", "-list=^Fuzz", "github.com/skosovsky/ragy/graphingest"], "module": ".", "GOWORK": "off", "timeout_seconds": 600}
{"exit_code": 0, "elapsed_seconds": 1.031}
{"command": ["/opt/homebrew/Cellar/go/1.26.5/bin/go", "test", "-tags=fuzz", "-list=^Fuzz", "github.com/skosovsky/ragy/graphingest/extraction"], "module": ".", "GOWORK": "off", "timeout_seconds": 600}
{"exit_code": 0, "elapsed_seconds": 0.848}
{"command": ["/opt/homebrew/Cellar/go/1.26.5/bin/go", "test", "-tags=fuzz", "-list=^Fuzz", "github.com/skosovsky/ragy/graphingest/materialization"], "module": ".", "GOWORK": "off", "timeout_seconds": 600}
{"exit_code": 0, "elapsed_seconds": 0.861}
{"command": ["/opt/homebrew/Cellar/go/1.26.5/bin/go", "test", "-tags=fuzz", "-list=^Fuzz", "github.com/skosovsky/ragy/graphingest/resolution"], "module": ".", "GOWORK": "off", "timeout_seconds": 600}
{"exit_code": 0, "elapsed_seconds": 0.746}
{"command": ["/opt/homebrew/Cellar/go/1.26.5/bin/go", "test", "-tags=fuzz", "-list=^Fuzz", "github.com/skosovsky/ragy/graphingest/resolution/history"], "module": ".", "GOWORK": "off", "timeout_seconds": 600}
{"exit_code": 0, "elapsed_seconds": 0.805}
{"command": ["/opt/homebrew/Cellar/go/1.26.5/bin/go", "test", "-tags=fuzz", "-list=^Fuzz", "github.com/skosovsky/ragy/internal/durablefs"], "module": ".", "GOWORK": "off", "timeout_seconds": 600}
{"exit_code": 0, "elapsed_seconds": 0.733}
{"command": ["/opt/homebrew/Cellar/go/1.26.5/bin/go", "test", "-tags=fuzz", "-list=^Fuzz", "github.com/skosovsky/ragy/internal/ident"], "module": ".", "GOWORK": "off", "timeout_seconds": 600}
{"exit_code": 0, "elapsed_seconds": 0.064}
{"command": ["/opt/homebrew/Cellar/go/1.26.5/bin/go", "test", "-tags=fuzz", "-list=^Fuzz", "github.com/skosovsky/ragy/internal/mathutil"], "module": ".", "GOWORK": "off", "timeout_seconds": 600}
{"exit_code": 0, "elapsed_seconds": 0.054}
{"command": ["/opt/homebrew/Cellar/go/1.26.5/bin/go", "test", "-tags=fuzz", "-list=^Fuzz", "github.com/skosovsky/ragy/internal/metaattrs"], "module": ".", "GOWORK": "off", "timeout_seconds": 600}
{"exit_code": 0, "elapsed_seconds": 0.135}
{"command": ["/opt/homebrew/Cellar/go/1.26.5/bin/go", "test", "-tags=fuzz", "-list=^Fuzz", "github.com/skosovsky/ragy/internal/nilvalue"], "module": ".", "GOWORK": "off", "timeout_seconds": 600}
{"exit_code": 0, "elapsed_seconds": 0.068}
{"command": ["/opt/homebrew/Cellar/go/1.26.5/bin/go", "test", "-tags=fuzz", "-list=^Fuzz", "github.com/skosovsky/ragy/internal/parallel"], "module": ".", "GOWORK": "off", "timeout_seconds": 600}
{"exit_code": 0, "elapsed_seconds": 0.717}
{"command": ["/opt/homebrew/Cellar/go/1.26.5/bin/go", "test", "-tags=fuzz", "-list=^Fuzz", "github.com/skosovsky/ragy/internal/providerhttp"], "module": ".", "GOWORK": "off", "timeout_seconds": 600}
{"exit_code": 0, "elapsed_seconds": 0.915}
{"command": ["/opt/homebrew/Cellar/go/1.26.5/bin/go", "test", "-tags=fuzz", "-list=^Fuzz", "github.com/skosovsky/ragy/internal/readfailure"], "module": ".", "GOWORK": "off", "timeout_seconds": 600}
{"exit_code": 0, "elapsed_seconds": 0.858}
{"command": ["/opt/homebrew/Cellar/go/1.26.5/bin/go", "test", "-tags=fuzz", "-list=^Fuzz", "github.com/skosovsky/ragy/layout"], "module": ".", "GOWORK": "off", "timeout_seconds": 600}
{"exit_code": 0, "elapsed_seconds": 0.854}
{"command": ["/opt/homebrew/Cellar/go/1.26.5/bin/go", "test", "-tags=fuzz", "-list=^Fuzz", "github.com/skosovsky/ragy/lexical"], "module": ".", "GOWORK": "off", "timeout_seconds": 600}
{"exit_code": 0, "elapsed_seconds": 1.253}
{"command": ["/opt/homebrew/Cellar/go/1.26.5/bin/go", "test", "-tags=fuzz", "-list=^Fuzz", "github.com/skosovsky/ragy/lexical/managed"], "module": ".", "GOWORK": "off", "timeout_seconds": 600}
{"exit_code": 0, "elapsed_seconds": 1.059}
{"command": ["/opt/homebrew/Cellar/go/1.26.5/bin/go", "test", "-tags=fuzz", "-list=^Fuzz", "github.com/skosovsky/ragy/lifecycle"], "module": ".", "GOWORK": "off", "timeout_seconds": 600}
{"exit_code": 0, "elapsed_seconds": 0.83}
{"command": ["/opt/homebrew/Cellar/go/1.26.5/bin/go", "test", "-tags=fuzz", "-list=^Fuzz", "github.com/skosovsky/ragy/lifecycle/filestore"], "module": ".", "GOWORK": "off", "timeout_seconds": 600}
{"exit_code": 0, "elapsed_seconds": 0.815}
{"command": ["/opt/homebrew/Cellar/go/1.26.5/bin/go", "test", "-tags=fuzz", "-list=^Fuzz", "github.com/skosovsky/ragy/lifecycle/integration"], "module": ".", "GOWORK": "off", "timeout_seconds": 600}
{"exit_code": 0, "elapsed_seconds": 1.309}
{"command": ["/opt/homebrew/Cellar/go/1.26.5/bin/go", "test", "-tags=fuzz", "-list=^Fuzz", "github.com/skosovsky/ragy/multimodal"], "module": ".", "GOWORK": "off", "timeout_seconds": 600}
{"exit_code": 0, "elapsed_seconds": 0.728}
{"command": ["/opt/homebrew/Cellar/go/1.26.5/bin/go", "test", "-tags=fuzz", "-list=^Fuzz", "github.com/skosovsky/ragy/observation"], "module": ".", "GOWORK": "off", "timeout_seconds": 600}
{"exit_code": 0, "elapsed_seconds": 0.825}
{"command": ["/opt/homebrew/Cellar/go/1.26.5/bin/go", "test", "-tags=fuzz", "-list=^Fuzz", "github.com/skosovsky/ragy/recipe"], "module": ".", "GOWORK": "off", "timeout_seconds": 600}
{"exit_code": 0, "elapsed_seconds": 1.775}
{"command": ["/opt/homebrew/Cellar/go/1.26.5/bin/go", "test", "-tags=fuzz", "-list=^Fuzz", "github.com/skosovsky/ragy/recipe/budget"], "module": ".", "GOWORK": "off", "timeout_seconds": 600}
{"exit_code": 0, "elapsed_seconds": 0.845}
{"command": ["/opt/homebrew/Cellar/go/1.26.5/bin/go", "test", "-tags=fuzz", "-list=^Fuzz", "github.com/skosovsky/ragy/recipe/graphexpand"], "module": ".", "GOWORK": "off", "timeout_seconds": 600}
{"exit_code": 0, "elapsed_seconds": 0.804}
{"command": ["/opt/homebrew/Cellar/go/1.26.5/bin/go", "test", "-tags=fuzz", "-list=^Fuzz", "github.com/skosovsky/ragy/recipe/graphsummary"], "module": ".", "GOWORK": "off", "timeout_seconds": 600}
{"exit_code": 0, "elapsed_seconds": 0.797}
{"command": ["/opt/homebrew/Cellar/go/1.26.5/bin/go", "test", "-tags=fuzz", "-list=^Fuzz", "github.com/skosovsky/ragy/recipe/recording"], "module": ".", "GOWORK": "off", "timeout_seconds": 600}
{"exit_code": 0, "elapsed_seconds": 0.872}
{"command": ["/opt/homebrew/Cellar/go/1.26.5/bin/go", "test", "-tags=fuzz", "-list=^Fuzz", "github.com/skosovsky/ragy/retrieval"], "module": ".", "GOWORK": "off", "timeout_seconds": 600}
{"exit_code": 0, "elapsed_seconds": 1.067}
{"command": ["/opt/homebrew/Cellar/go/1.26.5/bin/go", "test", "-tags=fuzz", "-list=^Fuzz", "github.com/skosovsky/ragy/source"], "module": ".", "GOWORK": "off", "timeout_seconds": 600}
{"exit_code": 0, "elapsed_seconds": 0.91}
{"command": ["/opt/homebrew/Cellar/go/1.26.5/bin/go", "test", "-tags=fuzz", "-list=^Fuzz", "github.com/skosovsky/ragy/tensor"], "module": ".", "GOWORK": "off", "timeout_seconds": 600}
{"exit_code": 0, "elapsed_seconds": 1.001}
{"command": ["/opt/homebrew/Cellar/go/1.26.5/bin/go", "test", "-tags=fuzz", "-list=^Fuzz", "github.com/skosovsky/ragy/tensor/persistent"], "module": ".", "GOWORK": "off", "timeout_seconds": 600}
{"exit_code": 0, "elapsed_seconds": 1.362}
{"command": ["/opt/homebrew/Cellar/go/1.26.5/bin/go", "test", "-tags=fuzz", "-list=^Fuzz", "github.com/skosovsky/ragy/tensor/query"], "module": ".", "GOWORK": "off", "timeout_seconds": 600}
{"exit_code": 0, "elapsed_seconds": 1.044}
{"command": ["/opt/homebrew/Cellar/go/1.26.5/bin/go", "test", "-tags=fuzz", "-list=^Fuzz", "github.com/skosovsky/ragy/testutil"], "module": ".", "GOWORK": "off", "timeout_seconds": 600}
{"exit_code": 0, "elapsed_seconds": 1.296}
