test_both_runners_kill_term_ignoring_descendant_after_leader_exit (__main__.ProcessGroupTimeout.test_both_runners_kill_term_ignoring_descendant_after_leader_exit) ...
  test_both_runners_kill_term_ignoring_descendant_after_leader_exit (__main__.ProcessGroupTimeout.test_both_runners_kill_term_ignoring_descendant_after_leader_exit) (profile='verification') ... ERROR
  test_both_runners_kill_term_ignoring_descendant_after_leader_exit (__main__.ProcessGroupTimeout.test_both_runners_kill_term_ignoring_descendant_after_leader_exit) (profile='consumer') ... ERROR

======================================================================
ERROR: test_both_runners_kill_term_ignoring_descendant_after_leader_exit (__main__.ProcessGroupTimeout.test_both_runners_kill_term_ignoring_descendant_after_leader_exit) (profile='verification')
----------------------------------------------------------------------
Traceback (most recent call last):
  File "/Users/skosovsky/Library/Mobile Documents/com~apple~CloudDocs/Загрузки/Projects/ai/ragy/scripts/process_runner_test.py", line 44, in test_both_runners_kill_term_ignoring_descendant_after_leader_exit
    state = subprocess.run(["ps", "-o", "stat=", "-p", str(child_pid)], capture_output=True, text=True).stdout.strip()
            ~~~~~~~~~~~~~~^^^^^^^^^^^^^^^^^^^^^^^^^^^^^^^^^^^^^^^^^^^^^^^^^^^^^^^^^^^^^^^^^^^^^^^^^^^^^
  File "/opt/homebrew/Cellar/python@3.14/3.14.6/Frameworks/Python.framework/Versions/3.14/lib/python3.14/subprocess.py", line 555, in run
    with Popen(*popenargs, **kwargs) as process:
         ~~~~~^^^^^^^^^^^^^^^^^^^^^^
  File "/opt/homebrew/Cellar/python@3.14/3.14.6/Frameworks/Python.framework/Versions/3.14/lib/python3.14/subprocess.py", line 1039, in __init__
    self._execute_child(args, executable, preexec_fn, close_fds,
    ~~~~~~~~~~~~~~~~~~~^^^^^^^^^^^^^^^^^^^^^^^^^^^^^^^^^^^^^^^^^
                        pass_fds, cwd, env,
                        ^^^^^^^^^^^^^^^^^^^
    ...<5 lines>...
                        gid, gids, uid, umask,
                        ^^^^^^^^^^^^^^^^^^^^^^
                        start_new_session, process_group)
                        ^^^^^^^^^^^^^^^^^^^^^^^^^^^^^^^^^
  File "/opt/homebrew/Cellar/python@3.14/3.14.6/Frameworks/Python.framework/Versions/3.14/lib/python3.14/subprocess.py", line 1990, in _execute_child
    raise child_exception_type(errno_num, err_msg, err_filename)
PermissionError: [Errno 1] Operation not permitted: 'ps'

======================================================================
ERROR: test_both_runners_kill_term_ignoring_descendant_after_leader_exit (__main__.ProcessGroupTimeout.test_both_runners_kill_term_ignoring_descendant_after_leader_exit) (profile='consumer')
----------------------------------------------------------------------
Traceback (most recent call last):
  File "/Users/skosovsky/Library/Mobile Documents/com~apple~CloudDocs/Загрузки/Projects/ai/ragy/scripts/process_runner_test.py", line 44, in test_both_runners_kill_term_ignoring_descendant_after_leader_exit
    state = subprocess.run(["ps", "-o", "stat=", "-p", str(child_pid)], capture_output=True, text=True).stdout.strip()
            ~~~~~~~~~~~~~~^^^^^^^^^^^^^^^^^^^^^^^^^^^^^^^^^^^^^^^^^^^^^^^^^^^^^^^^^^^^^^^^^^^^^^^^^^^^^
  File "/opt/homebrew/Cellar/python@3.14/3.14.6/Frameworks/Python.framework/Versions/3.14/lib/python3.14/subprocess.py", line 555, in run
    with Popen(*popenargs, **kwargs) as process:
         ~~~~~^^^^^^^^^^^^^^^^^^^^^^
  File "/opt/homebrew/Cellar/python@3.14/3.14.6/Frameworks/Python.framework/Versions/3.14/lib/python3.14/subprocess.py", line 1039, in __init__
    self._execute_child(args, executable, preexec_fn, close_fds,
    ~~~~~~~~~~~~~~~~~~~^^^^^^^^^^^^^^^^^^^^^^^^^^^^^^^^^^^^^^^^^
                        pass_fds, cwd, env,
                        ^^^^^^^^^^^^^^^^^^^
    ...<5 lines>...
                        gid, gids, uid, umask,
                        ^^^^^^^^^^^^^^^^^^^^^^
                        start_new_session, process_group)
                        ^^^^^^^^^^^^^^^^^^^^^^^^^^^^^^^^^
  File "/opt/homebrew/Cellar/python@3.14/3.14.6/Frameworks/Python.framework/Versions/3.14/lib/python3.14/subprocess.py", line 1990, in _execute_child
    raise child_exception_type(errno_num, err_msg, err_filename)
PermissionError: [Errno 1] Operation not permitted: 'ps'

----------------------------------------------------------------------
Ran 1 test in 2.038s

FAILED (errors=2)
