=== RUN   TestRealPostgresPortableQueryAndDeleteParity
    filter_pg_test.go:216: PostgreSQL/pgvector [17.11 (Debian 17.11-1.pgdg12+2) 0.8.7]; table=ragy_t09_16183
=== RUN   TestRealPostgresPortableQueryAndDeleteParity/s_eq
=== RUN   TestRealPostgresPortableQueryAndDeleteParity/s_not_eq
=== RUN   TestRealPostgresPortableQueryAndDeleteParity/s_neq
=== RUN   TestRealPostgresPortableQueryAndDeleteParity/s_not_neq
=== RUN   TestRealPostgresPortableQueryAndDeleteParity/s_in
=== RUN   TestRealPostgresPortableQueryAndDeleteParity/s_not_in
=== RUN   TestRealPostgresPortableQueryAndDeleteParity/s_in_both
=== RUN   TestRealPostgresPortableQueryAndDeleteParity/s_not_in_both
=== RUN   TestRealPostgresPortableQueryAndDeleteParity/i_eq
=== RUN   TestRealPostgresPortableQueryAndDeleteParity/i_not_eq
=== RUN   TestRealPostgresPortableQueryAndDeleteParity/i_neq
=== RUN   TestRealPostgresPortableQueryAndDeleteParity/i_not_neq
=== RUN   TestRealPostgresPortableQueryAndDeleteParity/i_in
=== RUN   TestRealPostgresPortableQueryAndDeleteParity/i_not_in
=== RUN   TestRealPostgresPortableQueryAndDeleteParity/i_in_both
=== RUN   TestRealPostgresPortableQueryAndDeleteParity/i_not_in_both
=== RUN   TestRealPostgresPortableQueryAndDeleteParity/f_eq
=== RUN   TestRealPostgresPortableQueryAndDeleteParity/f_not_eq
=== RUN   TestRealPostgresPortableQueryAndDeleteParity/f_neq
=== RUN   TestRealPostgresPortableQueryAndDeleteParity/f_not_neq
=== RUN   TestRealPostgresPortableQueryAndDeleteParity/f_in
=== RUN   TestRealPostgresPortableQueryAndDeleteParity/f_not_in
=== RUN   TestRealPostgresPortableQueryAndDeleteParity/f_in_both
=== RUN   TestRealPostgresPortableQueryAndDeleteParity/f_not_in_both
=== RUN   TestRealPostgresPortableQueryAndDeleteParity/b_eq
=== RUN   TestRealPostgresPortableQueryAndDeleteParity/b_not_eq
=== RUN   TestRealPostgresPortableQueryAndDeleteParity/b_neq
=== RUN   TestRealPostgresPortableQueryAndDeleteParity/b_not_neq
=== RUN   TestRealPostgresPortableQueryAndDeleteParity/b_in
=== RUN   TestRealPostgresPortableQueryAndDeleteParity/b_not_in
=== RUN   TestRealPostgresPortableQueryAndDeleteParity/b_in_both
=== RUN   TestRealPostgresPortableQueryAndDeleteParity/b_not_in_both
=== RUN   TestRealPostgresPortableQueryAndDeleteParity/i_gt
=== RUN   TestRealPostgresPortableQueryAndDeleteParity/i_not_gt
=== RUN   TestRealPostgresPortableQueryAndDeleteParity/i_gte
=== RUN   TestRealPostgresPortableQueryAndDeleteParity/i_not_gte
=== RUN   TestRealPostgresPortableQueryAndDeleteParity/i_lt
=== RUN   TestRealPostgresPortableQueryAndDeleteParity/i_not_lt
=== RUN   TestRealPostgresPortableQueryAndDeleteParity/i_lte
=== RUN   TestRealPostgresPortableQueryAndDeleteParity/i_not_lte
=== RUN   TestRealPostgresPortableQueryAndDeleteParity/f_gt
=== RUN   TestRealPostgresPortableQueryAndDeleteParity/f_not_gt
=== RUN   TestRealPostgresPortableQueryAndDeleteParity/f_gte
=== RUN   TestRealPostgresPortableQueryAndDeleteParity/f_not_gte
=== RUN   TestRealPostgresPortableQueryAndDeleteParity/f_lt
=== RUN   TestRealPostgresPortableQueryAndDeleteParity/f_not_lt
=== RUN   TestRealPostgresPortableQueryAndDeleteParity/f_lte
=== RUN   TestRealPostgresPortableQueryAndDeleteParity/f_not_lte
=== RUN   TestRealPostgresPortableQueryAndDeleteParity/empty
=== RUN   TestRealPostgresPortableQueryAndDeleteParity/and
=== RUN   TestRealPostgresPortableQueryAndDeleteParity/or
=== RUN   TestRealPostgresPortableQueryAndDeleteParity/not_and
=== RUN   TestRealPostgresPortableQueryAndDeleteParity/not_or
=== RUN   TestRealPostgresPortableQueryAndDeleteParity/not_or_and
=== RUN   TestRealPostgresPortableQueryAndDeleteParity/or_not_and
=== RUN   TestRealPostgresPortableQueryAndDeleteParity/and_not_or
=== NAME  TestRealPostgresPortableQueryAndDeleteParity
    filter_pg_test.go:250: corpus=81 predicates=56 malformed=12; query/delete parity verified
--- PASS: TestRealPostgresPortableQueryAndDeleteParity (159.28s)
    --- PASS: TestRealPostgresPortableQueryAndDeleteParity/s_eq (3.10s)
    --- PASS: TestRealPostgresPortableQueryAndDeleteParity/s_not_eq (3.20s)
    --- PASS: TestRealPostgresPortableQueryAndDeleteParity/s_neq (2.71s)
    --- PASS: TestRealPostgresPortableQueryAndDeleteParity/s_not_neq (2.94s)
    --- PASS: TestRealPostgresPortableQueryAndDeleteParity/s_in (2.94s)
    --- PASS: TestRealPostgresPortableQueryAndDeleteParity/s_not_in (2.52s)
    --- PASS: TestRealPostgresPortableQueryAndDeleteParity/s_in_both (2.88s)
    --- PASS: TestRealPostgresPortableQueryAndDeleteParity/s_not_in_both (3.12s)
    --- PASS: TestRealPostgresPortableQueryAndDeleteParity/i_eq (2.57s)
    --- PASS: TestRealPostgresPortableQueryAndDeleteParity/i_not_eq (2.78s)
    --- PASS: TestRealPostgresPortableQueryAndDeleteParity/i_neq (3.58s)
    --- PASS: TestRealPostgresPortableQueryAndDeleteParity/i_not_neq (3.45s)
    --- PASS: TestRealPostgresPortableQueryAndDeleteParity/i_in (3.51s)
    --- PASS: TestRealPostgresPortableQueryAndDeleteParity/i_not_in (3.02s)
    --- PASS: TestRealPostgresPortableQueryAndDeleteParity/i_in_both (2.77s)
    --- PASS: TestRealPostgresPortableQueryAndDeleteParity/i_not_in_both (2.59s)
    --- PASS: TestRealPostgresPortableQueryAndDeleteParity/f_eq (2.50s)
    --- PASS: TestRealPostgresPortableQueryAndDeleteParity/f_not_eq (2.54s)
    --- PASS: TestRealPostgresPortableQueryAndDeleteParity/f_neq (2.61s)
    --- PASS: TestRealPostgresPortableQueryAndDeleteParity/f_not_neq (3.16s)
    --- PASS: TestRealPostgresPortableQueryAndDeleteParity/f_in (4.41s)
    --- PASS: TestRealPostgresPortableQueryAndDeleteParity/f_not_in (4.11s)
    --- PASS: TestRealPostgresPortableQueryAndDeleteParity/f_in_both (3.98s)
    --- PASS: TestRealPostgresPortableQueryAndDeleteParity/f_not_in_both (4.31s)
    --- PASS: TestRealPostgresPortableQueryAndDeleteParity/b_eq (2.80s)
    --- PASS: TestRealPostgresPortableQueryAndDeleteParity/b_not_eq (2.61s)
    --- PASS: TestRealPostgresPortableQueryAndDeleteParity/b_neq (2.80s)
    --- PASS: TestRealPostgresPortableQueryAndDeleteParity/b_not_neq (3.28s)
    --- PASS: TestRealPostgresPortableQueryAndDeleteParity/b_in (3.04s)
    --- PASS: TestRealPostgresPortableQueryAndDeleteParity/b_not_in (3.99s)
    --- PASS: TestRealPostgresPortableQueryAndDeleteParity/b_in_both (3.77s)
    --- PASS: TestRealPostgresPortableQueryAndDeleteParity/b_not_in_both (3.91s)
    --- PASS: TestRealPostgresPortableQueryAndDeleteParity/i_gt (3.70s)
    --- PASS: TestRealPostgresPortableQueryAndDeleteParity/i_not_gt (3.91s)
    --- PASS: TestRealPostgresPortableQueryAndDeleteParity/i_gte (3.48s)
    --- PASS: TestRealPostgresPortableQueryAndDeleteParity/i_not_gte (2.73s)
    --- PASS: TestRealPostgresPortableQueryAndDeleteParity/i_lt (2.77s)
    --- PASS: TestRealPostgresPortableQueryAndDeleteParity/i_not_lt (2.62s)
    --- PASS: TestRealPostgresPortableQueryAndDeleteParity/i_lte (2.68s)
    --- PASS: TestRealPostgresPortableQueryAndDeleteParity/i_not_lte (2.64s)
    --- PASS: TestRealPostgresPortableQueryAndDeleteParity/f_gt (2.49s)
    --- PASS: TestRealPostgresPortableQueryAndDeleteParity/f_not_gt (2.57s)
    --- PASS: TestRealPostgresPortableQueryAndDeleteParity/f_gte (2.61s)
    --- PASS: TestRealPostgresPortableQueryAndDeleteParity/f_not_gte (2.72s)
    --- PASS: TestRealPostgresPortableQueryAndDeleteParity/f_lt (2.48s)
    --- PASS: TestRealPostgresPortableQueryAndDeleteParity/f_not_lt (2.50s)
    --- PASS: TestRealPostgresPortableQueryAndDeleteParity/f_lte (2.52s)
    --- PASS: TestRealPostgresPortableQueryAndDeleteParity/f_not_lte (2.46s)
    --- PASS: TestRealPostgresPortableQueryAndDeleteParity/empty (1.24s)
    --- PASS: TestRealPostgresPortableQueryAndDeleteParity/and (1.49s)
    --- PASS: TestRealPostgresPortableQueryAndDeleteParity/or (1.48s)
    --- PASS: TestRealPostgresPortableQueryAndDeleteParity/not_and (1.45s)
    --- PASS: TestRealPostgresPortableQueryAndDeleteParity/not_or (1.47s)
    --- PASS: TestRealPostgresPortableQueryAndDeleteParity/not_or_and (1.50s)
    --- PASS: TestRealPostgresPortableQueryAndDeleteParity/or_not_and (1.50s)
    --- PASS: TestRealPostgresPortableQueryAndDeleteParity/and_not_or (1.48s)
PASS
ok  	github.com/skosovsky/ragy/adapters/pgvector	160.489s
