=== RUN   TestRealPostgresPortableQueryAndDeleteParity
    filter_pg_test.go:216: PostgreSQL/pgvector [17.11 (Debian 17.11-1.pgdg12+2) 0.8.7]; table=ragy_t09_15985
=== RUN   TestRealPostgresPortableQueryAndDeleteParity/s_eq
=== RUN   TestRealPostgresPortableQueryAndDeleteParity/s_not_eq
=== RUN   TestRealPostgresPortableQueryAndDeleteParity/s_neq
=== RUN   TestRealPostgresPortableQueryAndDeleteParity/s_not_neq
=== RUN   TestRealPostgresPortableQueryAndDeleteParity/s_in
=== RUN   TestRealPostgresPortableQueryAndDeleteParity/s_not_in
=== RUN   TestRealPostgresPortableQueryAndDeleteParity/s_in_both
=== RUN   TestRealPostgresPortableQueryAndDeleteParity/s_not_in_both
=== RUN   TestRealPostgresPortableQueryAndDeleteParity/i_eq
=== RUN   TestRealPostgresPortableQueryAndDeleteParity/i_not_eq
=== RUN   TestRealPostgresPortableQueryAndDeleteParity/i_neq
=== RUN   TestRealPostgresPortableQueryAndDeleteParity/i_not_neq
=== RUN   TestRealPostgresPortableQueryAndDeleteParity/i_in
=== RUN   TestRealPostgresPortableQueryAndDeleteParity/i_not_in
=== RUN   TestRealPostgresPortableQueryAndDeleteParity/i_in_both
=== RUN   TestRealPostgresPortableQueryAndDeleteParity/i_not_in_both
=== RUN   TestRealPostgresPortableQueryAndDeleteParity/f_eq
=== RUN   TestRealPostgresPortableQueryAndDeleteParity/f_not_eq
=== RUN   TestRealPostgresPortableQueryAndDeleteParity/f_neq
=== RUN   TestRealPostgresPortableQueryAndDeleteParity/f_not_neq
=== RUN   TestRealPostgresPortableQueryAndDeleteParity/f_in
=== RUN   TestRealPostgresPortableQueryAndDeleteParity/f_not_in
=== RUN   TestRealPostgresPortableQueryAndDeleteParity/f_in_both
=== RUN   TestRealPostgresPortableQueryAndDeleteParity/f_not_in_both
=== RUN   TestRealPostgresPortableQueryAndDeleteParity/b_eq
=== RUN   TestRealPostgresPortableQueryAndDeleteParity/b_not_eq
=== RUN   TestRealPostgresPortableQueryAndDeleteParity/b_neq
=== RUN   TestRealPostgresPortableQueryAndDeleteParity/b_not_neq
=== RUN   TestRealPostgresPortableQueryAndDeleteParity/b_in
=== RUN   TestRealPostgresPortableQueryAndDeleteParity/b_not_in
=== RUN   TestRealPostgresPortableQueryAndDeleteParity/b_in_both
=== RUN   TestRealPostgresPortableQueryAndDeleteParity/b_not_in_both
=== RUN   TestRealPostgresPortableQueryAndDeleteParity/i_gt
=== RUN   TestRealPostgresPortableQueryAndDeleteParity/i_not_gt
=== RUN   TestRealPostgresPortableQueryAndDeleteParity/i_gte
=== RUN   TestRealPostgresPortableQueryAndDeleteParity/i_not_gte
=== RUN   TestRealPostgresPortableQueryAndDeleteParity/i_lt
=== RUN   TestRealPostgresPortableQueryAndDeleteParity/i_not_lt
=== RUN   TestRealPostgresPortableQueryAndDeleteParity/i_lte
=== RUN   TestRealPostgresPortableQueryAndDeleteParity/i_not_lte
=== RUN   TestRealPostgresPortableQueryAndDeleteParity/f_gt
=== RUN   TestRealPostgresPortableQueryAndDeleteParity/f_not_gt
=== RUN   TestRealPostgresPortableQueryAndDeleteParity/f_gte
=== RUN   TestRealPostgresPortableQueryAndDeleteParity/f_not_gte
=== RUN   TestRealPostgresPortableQueryAndDeleteParity/f_lt
=== RUN   TestRealPostgresPortableQueryAndDeleteParity/f_not_lt
=== RUN   TestRealPostgresPortableQueryAndDeleteParity/f_lte
=== RUN   TestRealPostgresPortableQueryAndDeleteParity/f_not_lte
=== RUN   TestRealPostgresPortableQueryAndDeleteParity/empty
=== RUN   TestRealPostgresPortableQueryAndDeleteParity/and
=== RUN   TestRealPostgresPortableQueryAndDeleteParity/or
=== RUN   TestRealPostgresPortableQueryAndDeleteParity/not_and
=== RUN   TestRealPostgresPortableQueryAndDeleteParity/not_or
=== RUN   TestRealPostgresPortableQueryAndDeleteParity/not_or_and
=== RUN   TestRealPostgresPortableQueryAndDeleteParity/or_not_and
=== RUN   TestRealPostgresPortableQueryAndDeleteParity/and_not_or
=== NAME  TestRealPostgresPortableQueryAndDeleteParity
    filter_pg_test.go:250: corpus=81 predicates=56 malformed=12; query/delete parity verified
--- PASS: TestRealPostgresPortableQueryAndDeleteParity (159.06s)
    --- PASS: TestRealPostgresPortableQueryAndDeleteParity/s_eq (1.50s)
    --- PASS: TestRealPostgresPortableQueryAndDeleteParity/s_not_eq (1.48s)
    --- PASS: TestRealPostgresPortableQueryAndDeleteParity/s_neq (1.50s)
    --- PASS: TestRealPostgresPortableQueryAndDeleteParity/s_not_neq (1.51s)
    --- PASS: TestRealPostgresPortableQueryAndDeleteParity/s_in (1.55s)
    --- PASS: TestRealPostgresPortableQueryAndDeleteParity/s_not_in (1.62s)
    --- PASS: TestRealPostgresPortableQueryAndDeleteParity/s_in_both (2.07s)
    --- PASS: TestRealPostgresPortableQueryAndDeleteParity/s_not_in_both (3.11s)
    --- PASS: TestRealPostgresPortableQueryAndDeleteParity/i_eq (3.15s)
    --- PASS: TestRealPostgresPortableQueryAndDeleteParity/i_not_eq (2.66s)
    --- PASS: TestRealPostgresPortableQueryAndDeleteParity/i_neq (2.90s)
    --- PASS: TestRealPostgresPortableQueryAndDeleteParity/i_not_neq (2.78s)
    --- PASS: TestRealPostgresPortableQueryAndDeleteParity/i_in (2.62s)
    --- PASS: TestRealPostgresPortableQueryAndDeleteParity/i_not_in (2.75s)
    --- PASS: TestRealPostgresPortableQueryAndDeleteParity/i_in_both (3.15s)
    --- PASS: TestRealPostgresPortableQueryAndDeleteParity/i_not_in_both (2.70s)
    --- PASS: TestRealPostgresPortableQueryAndDeleteParity/f_eq (2.79s)
    --- PASS: TestRealPostgresPortableQueryAndDeleteParity/f_not_eq (3.74s)
    --- PASS: TestRealPostgresPortableQueryAndDeleteParity/f_neq (3.46s)
    --- PASS: TestRealPostgresPortableQueryAndDeleteParity/f_not_neq (3.40s)
    --- PASS: TestRealPostgresPortableQueryAndDeleteParity/f_in (2.81s)
    --- PASS: TestRealPostgresPortableQueryAndDeleteParity/f_not_in (2.82s)
    --- PASS: TestRealPostgresPortableQueryAndDeleteParity/f_in_both (2.58s)
    --- PASS: TestRealPostgresPortableQueryAndDeleteParity/f_not_in_both (2.51s)
    --- PASS: TestRealPostgresPortableQueryAndDeleteParity/b_eq (2.48s)
    --- PASS: TestRealPostgresPortableQueryAndDeleteParity/b_not_eq (2.80s)
    --- PASS: TestRealPostgresPortableQueryAndDeleteParity/b_neq (3.12s)
    --- PASS: TestRealPostgresPortableQueryAndDeleteParity/b_not_neq (4.30s)
    --- PASS: TestRealPostgresPortableQueryAndDeleteParity/b_in (3.90s)
    --- PASS: TestRealPostgresPortableQueryAndDeleteParity/b_not_in (3.99s)
    --- PASS: TestRealPostgresPortableQueryAndDeleteParity/b_in_both (3.84s)
    --- PASS: TestRealPostgresPortableQueryAndDeleteParity/b_not_in_both (2.96s)
    --- PASS: TestRealPostgresPortableQueryAndDeleteParity/i_gt (2.50s)
    --- PASS: TestRealPostgresPortableQueryAndDeleteParity/i_not_gt (2.70s)
    --- PASS: TestRealPostgresPortableQueryAndDeleteParity/i_gte (3.50s)
    --- PASS: TestRealPostgresPortableQueryAndDeleteParity/i_not_gte (2.94s)
    --- PASS: TestRealPostgresPortableQueryAndDeleteParity/i_lt (3.38s)
    --- PASS: TestRealPostgresPortableQueryAndDeleteParity/i_not_lt (3.89s)
    --- PASS: TestRealPostgresPortableQueryAndDeleteParity/i_lte (3.88s)
    --- PASS: TestRealPostgresPortableQueryAndDeleteParity/i_not_lte (3.92s)
    --- PASS: TestRealPostgresPortableQueryAndDeleteParity/f_gt (3.88s)
    --- PASS: TestRealPostgresPortableQueryAndDeleteParity/f_not_gt (3.80s)
    --- PASS: TestRealPostgresPortableQueryAndDeleteParity/f_gte (2.63s)
    --- PASS: TestRealPostgresPortableQueryAndDeleteParity/f_not_gte (2.73s)
    --- PASS: TestRealPostgresPortableQueryAndDeleteParity/f_lt (2.57s)
    --- PASS: TestRealPostgresPortableQueryAndDeleteParity/f_not_lt (2.70s)
    --- PASS: TestRealPostgresPortableQueryAndDeleteParity/f_lte (2.61s)
    --- PASS: TestRealPostgresPortableQueryAndDeleteParity/f_not_lte (2.68s)
    --- PASS: TestRealPostgresPortableQueryAndDeleteParity/empty (1.62s)
    --- PASS: TestRealPostgresPortableQueryAndDeleteParity/and (2.58s)
    --- PASS: TestRealPostgresPortableQueryAndDeleteParity/or (2.73s)
    --- PASS: TestRealPostgresPortableQueryAndDeleteParity/not_and (2.59s)
    --- PASS: TestRealPostgresPortableQueryAndDeleteParity/not_or (2.33s)
    --- PASS: TestRealPostgresPortableQueryAndDeleteParity/not_or_and (2.42s)
    --- PASS: TestRealPostgresPortableQueryAndDeleteParity/or_not_and (2.49s)
    --- PASS: TestRealPostgresPortableQueryAndDeleteParity/and_not_or (2.39s)
PASS
ok  	github.com/skosovsky/ragy/adapters/pgvector	160.244s
