goos: darwin
goarch: arm64
pkg: github.com/skosovsky/ragy/graphingest/resolution
cpu: Apple M1 Max
BenchmarkResolutionDeclaredUpperBound/mentions=64/distinct=false-10         	     822	    138390 ns/op	  223362 B/op	    1450 allocs/op
BenchmarkResolutionDeclaredUpperBound/mentions=64/distinct=true-10          	     487	    241468 ns/op	  255031 B/op	    5356 allocs/op
BenchmarkResolutionDeclaredUpperBound/mentions=256/distinct=false-10        	     174	    700772 ns/op	  933053 B/op	    5689 allocs/op
BenchmarkResolutionDeclaredUpperBound/mentions=256/distinct=true-10         	      57	   3011140 ns/op	 1828470 B/op	   70460 allocs/op
PASS
ok  	github.com/skosovsky/ragy/graphingest/resolution	0.934s
goos: darwin
goarch: arm64
pkg: github.com/skosovsky/ragy/graphingest/resolution/history
cpu: Apple M1 Max
BenchmarkSupportUnionDeclaredUpperBound/supports=64-10         	    2662	     49322 ns/op	   42915 B/op	       7 allocs/op
BenchmarkSupportUnionDeclaredUpperBound/supports=256-10        	     410	    279702 ns/op	  190386 B/op	       9 allocs/op
PASS
ok  	github.com/skosovsky/ragy/graphingest/resolution/history	0.698s
goos: darwin
goarch: arm64
pkg: github.com/skosovsky/ragy/recipe/graphsummary
cpu: Apple M1 Max
BenchmarkSupportUnionDeclaredUpperBound/supports=64-10         	    4382	     27865 ns/op	   42916 B/op	       7 allocs/op
BenchmarkSupportUnionDeclaredUpperBound/supports=256-10        	     512	    231161 ns/op	  190371 B/op	       9 allocs/op
BenchmarkSummaryAdmissionDeclaredUpperBound/supports=64/calls=8-10         	     512	    245087 ns/op	  472906 B/op	     560 allocs/op
BenchmarkSummaryAdmissionDeclaredUpperBound/supports=256/calls=8-10        	     122	    995059 ns/op	 1847138 B/op	    2096 allocs/op
PASS
ok  	github.com/skosovsky/ragy/recipe/graphsummary	0.902s
