goos: darwin
goarch: arm64
pkg: github.com/skosovsky/ragy/graphingest/resolution
cpu: Apple M1 Max
BenchmarkResolutionDeclaredUpperBound/mentions=64/distinct=false-10         	     884	    138127 ns/op	  223358 B/op	    1450 allocs/op
BenchmarkResolutionDeclaredUpperBound/mentions=64/distinct=true-10          	     472	    266711 ns/op	  255043 B/op	    5356 allocs/op
BenchmarkResolutionDeclaredUpperBound/mentions=256/distinct=false-10        	     166	    731614 ns/op	  933007 B/op	    5689 allocs/op
BenchmarkResolutionDeclaredUpperBound/mentions=256/distinct=true-10         	      51	   2607426 ns/op	 1828449 B/op	   70460 allocs/op
PASS
ok  	github.com/skosovsky/ragy/graphingest/resolution	0.728s
goos: darwin
goarch: arm64
pkg: github.com/skosovsky/ragy/graphingest/resolution/history
cpu: Apple M1 Max
BenchmarkSupportUnionDeclaredUpperBound/supports=64-10         	    5293	     25293 ns/op	   42914 B/op	       7 allocs/op
BenchmarkSupportUnionDeclaredUpperBound/supports=256-10        	     507	    225558 ns/op	  190370 B/op	       9 allocs/op
PASS
ok  	github.com/skosovsky/ragy/graphingest/resolution/history	0.437s
goos: darwin
goarch: arm64
pkg: github.com/skosovsky/ragy/recipe/graphsummary
cpu: Apple M1 Max
BenchmarkSupportUnionDeclaredUpperBound/supports=64-10         	    4635	     26223 ns/op	   42915 B/op	       7 allocs/op
BenchmarkSupportUnionDeclaredUpperBound/supports=256-10        	     486	    242386 ns/op	  190370 B/op	       9 allocs/op
BenchmarkSummaryAdmissionDeclaredUpperBound/supports=64/calls=8-10         	     500	    254492 ns/op	  472903 B/op	     560 allocs/op
BenchmarkSummaryAdmissionDeclaredUpperBound/supports=256/calls=8-10        	     100	   1123287 ns/op	 1847132 B/op	    2096 allocs/op
PASS
ok  	github.com/skosovsky/ragy/recipe/graphsummary	0.926s
