goos: darwin
goarch: arm64
pkg: github.com/skosovsky/ragy/graphingest/resolution
cpu: Apple M1 Max
BenchmarkResolutionDeclaredUpperBound/mentions=64/distinct=false-10         	     866	    141272 ns/op	  223355 B/op	    1450 allocs/op
BenchmarkResolutionDeclaredUpperBound/mentions=64/distinct=true-10          	     488	    259795 ns/op	  255031 B/op	    5356 allocs/op
BenchmarkResolutionDeclaredUpperBound/mentions=256/distinct=false-10        	     169	    712858 ns/op	  933018 B/op	    5689 allocs/op
BenchmarkResolutionDeclaredUpperBound/mentions=256/distinct=true-10         	      57	   2423529 ns/op	 1828513 B/op	   70461 allocs/op
PASS
ok  	github.com/skosovsky/ragy/graphingest/resolution	0.685s
goos: darwin
goarch: arm64
pkg: github.com/skosovsky/ragy/graphingest/resolution/history
cpu: Apple M1 Max
BenchmarkSupportUnionDeclaredUpperBound/supports=64-10         	    4993	     37876 ns/op	   42914 B/op	       7 allocs/op
BenchmarkSupportUnionDeclaredUpperBound/supports=256-10        	     400	    286650 ns/op	  190386 B/op	       9 allocs/op
PASS
ok  	github.com/skosovsky/ragy/graphingest/resolution/history	0.531s
goos: darwin
goarch: arm64
pkg: github.com/skosovsky/ragy/recipe/graphsummary
cpu: Apple M1 Max
BenchmarkSupportUnionDeclaredUpperBound/supports=64-10         	    3864	     30861 ns/op	   42915 B/op	       7 allocs/op
BenchmarkSupportUnionDeclaredUpperBound/supports=256-10        	     369	    503011 ns/op	  190376 B/op	       9 allocs/op
BenchmarkSummaryAdmissionDeclaredUpperBound/supports=64/calls=8-10         	     340	    396550 ns/op	  472911 B/op	     560 allocs/op
BenchmarkSummaryAdmissionDeclaredUpperBound/supports=256/calls=8-10        	     100	   1977543 ns/op	 1847223 B/op	    2096 allocs/op
PASS
ok  	github.com/skosovsky/ragy/recipe/graphsummary	0.879s
