level=warning msg="The linter 'exhaustruct' is deprecated (since v2.13.0) due to: new major version. Replaced by exhaustruct_v5."
lexical/cancellation_test.go:13:2: there must be an empty line separating embedded fields from regular fields (embeddedstructfieldcheck)
	context.Context
	^
tensor/cancellation_test.go:15:2: there must be an empty line separating embedded fields from regular fields (embeddedstructfieldcheck)
	context.Context
	^
lexical/bm25.go:313:1: cognitive complexity 21 of func `(*BM25Index).retrieve` is high (> 20) (gocognit)
func (idx *BM25Index[TMeta]) retrieve(
^
lexical/bm25_parameters_test.go:61:1: cognitive complexity 23 of func `TestBM25ExplicitZeroParametersAndOwnedConfiguration` is high (> 20) (gocognit)
func TestBM25ExplicitZeroParametersAndOwnedConfiguration(t *testing.T) {
^
tensor/maxsim.go:145:1: cognitive complexity 22 of func `Rerank` is high (> 20) (gocognit)
func Rerank(ctx context.Context, query Embedding, candidates []Candidate, options RerankOptions) (RerankResult, error) {
^
dense/persistent/retired_selection_unix_test.go:18:1: File is not properly formatted (golines)
	pinned := access.TargetRevision{Target: "target", Namespace: "n", Source: "s", Revision: "r", Transformation: "transform", AccessFingerprint: "access"}
^
lexical/bm25.go:384:1: File is not properly formatted (golines)
func (idx *BM25Index[TMeta]) scoreQuery(ctx context.Context, snapshot bm25Snapshot[TMeta], queryTokens []string) (map[string]float64, error) {
^
lexical/bm25_parameters_test.go:21:1: File is not properly formatted (golines)
			Config[struct{}]{SearchFields: []string{"content"}, Parameters: &BM25Parameters{K1: values[0], B: values[1]}},
^
lexical/cancellation_test.go:31:1: File is not properly formatted (golines)
	if err = index.Index([]retrieval.Document[struct{}]{{ID: "a", Content: "needle"}, {ID: "b", Content: "needle"}, {ID: "c", Content: "needle"}}); err != nil {
^
lexical/managed/parameters_unix_test.go:20:1: File is not properly formatted (golines)
	adapter, err := New(Config[struct{}]{Namespace: "n", Target: "lexical", Store: store, Schema: filter.EmptySchema(), BM25: lexical.Config[struct{}]{SearchFields: []string{"content"}, Parameters: &parameters}, CloneMeta: func(m struct{}) (struct{}, error) { return m, nil }, MaxCachedSnapshots: 1})
^
tensor/cancellation_test.go:48:1: File is not properly formatted (golines)
				result, err = tensor.Rerank(ctx, malformed, []tensor.Candidate{{ID: "d", Embedding: valid}}, tensor.RerankOptions{CandidateBudget: 1, TopK: 1})
^
tensor/persistent/retired_selection_unix_test.go:18:1: File is not properly formatted (golines)
	pinned := access.TargetRevision{Target: "target", Namespace: "n", Source: "s", Revision: "r", Transformation: "transform", AccessFingerprint: "access"}
^
lexical/bm25.go:390:3: return both a `nil` error and an invalid value: use a sentinel error instead (nilnil)
		return nil, nil
		^
13 issues:
* embeddedstructfieldcheck: 2
* gocognit: 3
* golines: 7
* nilnil: 1
