=== RUN   TestBM25FailedRebuildPreservesPublishedState
=== PAUSE TestBM25FailedRebuildPreservesPublishedState
=== RUN   TestBM25IntegerTenantFiltersDoNotCollapseIDs
=== PAUSE TestBM25IntegerTenantFiltersDoNotCollapseIDs
=== RUN   TestBM25FailedCodecRebuildPreservesState
=== PAUSE TestBM25FailedCodecRebuildPreservesState
=== RUN   TestBM25ReadersNeverObservePartialRebuild
--- PASS: TestBM25ReadersNeverObservePartialRebuild (0.01s)
=== RUN   TestBM25ConcurrentUpsertSurvivesRebuildPublication
--- PASS: TestBM25ConcurrentUpsertSurvivesRebuildPublication (0.00s)
=== RUN   TestBM25RejectsInvalidNumericConfiguration
--- PASS: TestBM25RejectsInvalidNumericConfiguration (0.00s)
=== RUN   TestBM25SuppressesNonfiniteComputedScore
--- PASS: TestBM25SuppressesNonfiniteComputedScore (0.00s)
=== RUN   TestBM25ExplicitZeroParametersAndOwnedConfiguration
=== RUN   TestBM25ExplicitZeroParametersAndOwnedConfiguration/K1=0/B=0
=== RUN   TestBM25ExplicitZeroParametersAndOwnedConfiguration/K1=1.2/B=0
=== RUN   TestBM25ExplicitZeroParametersAndOwnedConfiguration/K1=0/B=1
--- PASS: TestBM25ExplicitZeroParametersAndOwnedConfiguration (0.00s)
    --- PASS: TestBM25ExplicitZeroParametersAndOwnedConfiguration/K1=0/B=0 (0.00s)
    --- PASS: TestBM25ExplicitZeroParametersAndOwnedConfiguration/K1=1.2/B=0 (0.00s)
    --- PASS: TestBM25ExplicitZeroParametersAndOwnedConfiguration/K1=0/B=1 (0.00s)
=== RUN   TestBM25AbsentParametersSelectDefaults
--- PASS: TestBM25AbsentParametersSelectDefaults (0.00s)
=== RUN   TestBM25QuerySnapshotOwnsOnlyCandidatesAndKeepsGlobalStatistics
--- PASS: TestBM25QuerySnapshotOwnsOnlyCandidatesAndKeepsGlobalStatistics (0.00s)
=== RUN   TestBM25OwnsSearchConfiguration
--- PASS: TestBM25OwnsSearchConfiguration (0.00s)
=== RUN   TestBM25RetrieveRace
--- PASS: TestBM25RetrieveRace (0.00s)
=== RUN   TestBM25RetrieveUsesPlannedExpandedText
=== PAUSE TestBM25RetrieveUsesPlannedExpandedText
=== RUN   TestBM25RetrieveMarksRankedDocsScorePresent
=== PAUSE TestBM25RetrieveMarksRankedDocsScorePresent
=== RUN   TestBM25AppliesDeclaredFilter
--- PASS: TestBM25AppliesDeclaredFilter (0.00s)
=== RUN   TestBM25SynonymsAffectScoring
--- PASS: TestBM25SynonymsAffectScoring (0.00s)
=== RUN   TestBM25RankPreservesTieOrder
=== PAUSE TestBM25RankPreservesTieOrder
=== RUN   TestBM25UpsertZeroTokensReturnsError
--- PASS: TestBM25UpsertZeroTokensReturnsError (0.00s)
=== RUN   TestBM25IndexZeroTokensReturnsError
--- PASS: TestBM25IndexZeroTokensReturnsError (0.00s)
=== RUN   TestBM25LexicalStructBackendConformance
=== RUN   TestBM25LexicalStructBackendConformance/valid_docs_pass_through
=== RUN   TestBM25LexicalStructBackendConformance/declared_filter_built_from_builder_passes
=== RUN   TestBM25LexicalStructBackendConformance/invalid_docs_reject
=== RUN   TestBM25LexicalStructBackendConformance/no_results_returns_empty_set
=== RUN   TestBM25LexicalStructBackendConformance/undeclared_filter_rejects
--- PASS: TestBM25LexicalStructBackendConformance (0.00s)
    --- PASS: TestBM25LexicalStructBackendConformance/valid_docs_pass_through (0.00s)
    --- PASS: TestBM25LexicalStructBackendConformance/declared_filter_built_from_builder_passes (0.00s)
    --- PASS: TestBM25LexicalStructBackendConformance/invalid_docs_reject (0.00s)
    --- PASS: TestBM25LexicalStructBackendConformance/no_results_returns_empty_set (0.00s)
    --- PASS: TestBM25LexicalStructBackendConformance/undeclared_filter_rejects (0.00s)
=== RUN   TestRetrieveOptionsInvalidConformance
=== RUN   TestRetrieveOptionsInvalidConformance/fetch_limit_less_than_top_k_rejects
=== RUN   TestRetrieveOptionsInvalidConformance/negative_top_k_rejects
=== RUN   TestRetrieveOptionsInvalidConformance/negative_fetch_limit_rejects
=== RUN   TestRetrieveOptionsInvalidConformance/min_similarity_out_of_range_rejects
=== RUN   TestRetrieveOptionsInvalidConformance/zero_top_k_and_zero_fetch_limit_rejects
--- PASS: TestRetrieveOptionsInvalidConformance (0.00s)
    --- PASS: TestRetrieveOptionsInvalidConformance/fetch_limit_less_than_top_k_rejects (0.00s)
    --- PASS: TestRetrieveOptionsInvalidConformance/negative_top_k_rejects (0.00s)
    --- PASS: TestRetrieveOptionsInvalidConformance/negative_fetch_limit_rejects (0.00s)
    --- PASS: TestRetrieveOptionsInvalidConformance/min_similarity_out_of_range_rejects (0.00s)
    --- PASS: TestRetrieveOptionsInvalidConformance/zero_top_k_and_zero_fetch_limit_rejects (0.00s)
=== RUN   TestRetrievePartialProjectionConformance
=== RUN   TestRetrievePartialProjectionConformance/retrieve_preserves_partial_on_projection_error
=== RUN   TestRetrievePartialProjectionConformance/retrieve_partial_preserves_custom_resolver_merge_key
--- PASS: TestRetrievePartialProjectionConformance (0.00s)
    --- PASS: TestRetrievePartialProjectionConformance/retrieve_preserves_partial_on_projection_error (0.00s)
    --- PASS: TestRetrievePartialProjectionConformance/retrieve_partial_preserves_custom_resolver_merge_key (0.00s)
=== RUN   TestBM25RetrieveErrorReturnsNonNilResultSet
=== PAUSE TestBM25RetrieveErrorReturnsNonNilResultSet
=== RUN   TestBM25UpsertRejectsEncodeFailure
=== PAUSE TestBM25UpsertRejectsEncodeFailure
=== RUN   TestBM25RejectsUnknownSearchField
=== PAUSE TestBM25RejectsUnknownSearchField
=== RUN   TestBM25FilterPreservesPartialScoresOnMatchError
=== PAUSE TestBM25FilterPreservesPartialScoresOnMatchError
=== RUN   TestBM25SearchFieldsExcludesContentWhenNotDeclared
=== PAUSE TestBM25SearchFieldsExcludesContentWhenNotDeclared
=== RUN   TestBM25FieldValueUsesConfigCodec
=== PAUSE TestBM25FieldValueUsesConfigCodec
=== RUN   TestNewBM25RejectsDuplicateSearchField
=== PAUSE TestNewBM25RejectsDuplicateSearchField
=== RUN   TestNewBM25RejectsInvalidSearchField
=== PAUSE TestNewBM25RejectsInvalidSearchField
=== RUN   TestBM25ScoringAndRankingCancelWithoutPayload
=== RUN   TestBM25ScoringAndRankingCancelWithoutPayload/scoring
=== RUN   TestBM25ScoringAndRankingCancelWithoutPayload/ranking
--- PASS: TestBM25ScoringAndRankingCancelWithoutPayload (0.00s)
    --- PASS: TestBM25ScoringAndRankingCancelWithoutPayload/scoring (0.00s)
    --- PASS: TestBM25ScoringAndRankingCancelWithoutPayload/ranking (0.00s)
=== RUN   TestSynonymMapExpandsTokens
=== PAUSE TestSynonymMapExpandsTokens
=== RUN   TestDefaultTokenizerSplitsWords
=== PAUSE TestDefaultTokenizerSplitsWords
=== RUN   TestValidateSearchFieldsRejectsDuplicate
=== PAUSE TestValidateSearchFieldsRejectsDuplicate
=== RUN   TestSnapshotMetadataCallbacksStopOnFirstProtection
=== RUN   TestSnapshotMetadataCallbacksStopOnFirstProtection/capture/revoke=false/fail=false
=== RUN   TestSnapshotMetadataCallbacksStopOnFirstProtection/capture/revoke=false/fail=true
=== RUN   TestSnapshotMetadataCallbacksStopOnFirstProtection/capture/revoke=true/fail=false
=== RUN   TestSnapshotMetadataCallbacksStopOnFirstProtection/capture/revoke=true/fail=true
=== RUN   TestSnapshotMetadataCallbacksStopOnFirstProtection/index/revoke=false/fail=false
=== RUN   TestSnapshotMetadataCallbacksStopOnFirstProtection/index/revoke=false/fail=true
=== RUN   TestSnapshotMetadataCallbacksStopOnFirstProtection/index/revoke=true/fail=false
=== RUN   TestSnapshotMetadataCallbacksStopOnFirstProtection/index/revoke=true/fail=true
=== RUN   TestSnapshotMetadataCallbacksStopOnFirstProtection/retrieve/revoke=false/fail=false
=== RUN   TestSnapshotMetadataCallbacksStopOnFirstProtection/retrieve/revoke=false/fail=true
=== RUN   TestSnapshotMetadataCallbacksStopOnFirstProtection/retrieve/revoke=true/fail=false
=== RUN   TestSnapshotMetadataCallbacksStopOnFirstProtection/retrieve/revoke=true/fail=true
--- PASS: TestSnapshotMetadataCallbacksStopOnFirstProtection (0.01s)
    --- PASS: TestSnapshotMetadataCallbacksStopOnFirstProtection/capture/revoke=false/fail=false (0.00s)
    --- PASS: TestSnapshotMetadataCallbacksStopOnFirstProtection/capture/revoke=false/fail=true (0.00s)
    --- PASS: TestSnapshotMetadataCallbacksStopOnFirstProtection/capture/revoke=true/fail=false (0.00s)
    --- PASS: TestSnapshotMetadataCallbacksStopOnFirstProtection/capture/revoke=true/fail=true (0.00s)
    --- PASS: TestSnapshotMetadataCallbacksStopOnFirstProtection/index/revoke=false/fail=false (0.00s)
    --- PASS: TestSnapshotMetadataCallbacksStopOnFirstProtection/index/revoke=false/fail=true (0.00s)
    --- PASS: TestSnapshotMetadataCallbacksStopOnFirstProtection/index/revoke=true/fail=false (0.00s)
    --- PASS: TestSnapshotMetadataCallbacksStopOnFirstProtection/index/revoke=true/fail=true (0.00s)
    --- PASS: TestSnapshotMetadataCallbacksStopOnFirstProtection/retrieve/revoke=false/fail=false (0.00s)
    --- PASS: TestSnapshotMetadataCallbacksStopOnFirstProtection/retrieve/revoke=false/fail=true (0.00s)
    --- PASS: TestSnapshotMetadataCallbacksStopOnFirstProtection/retrieve/revoke=true/fail=false (0.00s)
    --- PASS: TestSnapshotMetadataCallbacksStopOnFirstProtection/retrieve/revoke=true/fail=true (0.00s)
=== RUN   TestSnapshotNormalRankingAfterScopedBuild
--- PASS: TestSnapshotNormalRankingAfterScopedBuild (0.00s)
=== RUN   TestSnapshotCodecProtectionDropsEarlierCandidateBeforeCloning
--- PASS: TestSnapshotCodecProtectionDropsEarlierCandidateBeforeCloning (0.00s)
=== RUN   TestReadonlySnapshotGatesProjectionAndBindingReplacement
--- PASS: TestReadonlySnapshotGatesProjectionAndBindingReplacement (0.00s)
=== RUN   TestSnapshotResultMetadataCannotMutatePinnedCorpus
--- PASS: TestSnapshotResultMetadataCannotMutatePinnedCorpus (0.00s)
=== RUN   TestSnapshotChecksFreshnessAfterFailingClone
=== RUN   TestSnapshotChecksFreshnessAfterFailingClone/capture
=== RUN   TestSnapshotChecksFreshnessAfterFailingClone/delivery
--- PASS: TestSnapshotChecksFreshnessAfterFailingClone (0.00s)
    --- PASS: TestSnapshotChecksFreshnessAfterFailingClone/capture (0.00s)
    --- PASS: TestSnapshotChecksFreshnessAfterFailingClone/delivery (0.00s)
=== CONT  TestBM25IntegerTenantFiltersDoNotCollapseIDs
=== CONT  TestBM25FilterPreservesPartialScoresOnMatchError
=== RUN   TestBM25IntegerTenantFiltersDoNotCollapseIDs/eq-a
=== CONT  TestBM25UpsertRejectsEncodeFailure
--- PASS: TestBM25FilterPreservesPartialScoresOnMatchError (0.00s)
=== CONT  TestValidateSearchFieldsRejectsDuplicate
--- PASS: TestBM25UpsertRejectsEncodeFailure (0.00s)
=== CONT  TestBM25RejectsUnknownSearchField
--- PASS: TestValidateSearchFieldsRejectsDuplicate (0.00s)
=== CONT  TestDefaultTokenizerSplitsWords
--- PASS: TestBM25RejectsUnknownSearchField (0.00s)
=== CONT  TestBM25RankPreservesTieOrder
--- PASS: TestDefaultTokenizerSplitsWords (0.00s)
=== CONT  TestNewBM25RejectsDuplicateSearchField
--- PASS: TestBM25RankPreservesTieOrder (0.00s)
=== CONT  TestBM25FieldValueUsesConfigCodec
=== CONT  TestBM25SearchFieldsExcludesContentWhenNotDeclared
--- PASS: TestNewBM25RejectsDuplicateSearchField (0.00s)
--- PASS: TestBM25FieldValueUsesConfigCodec (0.00s)
=== CONT  TestBM25RetrieveErrorReturnsNonNilResultSet
--- PASS: TestBM25RetrieveErrorReturnsNonNilResultSet (0.00s)
--- PASS: TestBM25SearchFieldsExcludesContentWhenNotDeclared (0.00s)
=== CONT  TestBM25RetrieveMarksRankedDocsScorePresent
--- PASS: TestBM25RetrieveMarksRankedDocsScorePresent (0.00s)
=== CONT  TestBM25RetrieveUsesPlannedExpandedText
=== CONT  TestBM25FailedRebuildPreservesPublishedState
--- PASS: TestBM25RetrieveUsesPlannedExpandedText (0.00s)
=== PAUSE TestBM25IntegerTenantFiltersDoNotCollapseIDs/eq-a
=== CONT  TestNewBM25RejectsInvalidSearchField
=== RUN   TestBM25IntegerTenantFiltersDoNotCollapseIDs/eq-b
--- PASS: TestBM25FailedRebuildPreservesPublishedState (0.00s)
=== PAUSE TestBM25IntegerTenantFiltersDoNotCollapseIDs/eq-b
=== CONT  TestSynonymMapExpandsTokens
=== RUN   TestBM25IntegerTenantFiltersDoNotCollapseIDs/in-a
--- PASS: TestSynonymMapExpandsTokens (0.00s)
=== CONT  TestBM25FailedCodecRebuildPreservesState
=== PAUSE TestBM25IntegerTenantFiltersDoNotCollapseIDs/in-a
=== RUN   TestBM25IntegerTenantFiltersDoNotCollapseIDs/in-b
=== PAUSE TestBM25IntegerTenantFiltersDoNotCollapseIDs/in-b
=== RUN   TestBM25IntegerTenantFiltersDoNotCollapseIDs/neq-a
--- PASS: TestBM25FailedCodecRebuildPreservesState (0.00s)
=== PAUSE TestBM25IntegerTenantFiltersDoNotCollapseIDs/neq-a
=== RUN   TestBM25IntegerTenantFiltersDoNotCollapseIDs/neq-b
=== PAUSE TestBM25IntegerTenantFiltersDoNotCollapseIDs/neq-b
=== CONT  TestBM25IntegerTenantFiltersDoNotCollapseIDs/in-a
=== CONT  TestBM25IntegerTenantFiltersDoNotCollapseIDs/neq-b
=== CONT  TestBM25IntegerTenantFiltersDoNotCollapseIDs/in-b
=== CONT  TestBM25IntegerTenantFiltersDoNotCollapseIDs/eq-b
=== CONT  TestBM25IntegerTenantFiltersDoNotCollapseIDs/neq-a
=== CONT  TestBM25IntegerTenantFiltersDoNotCollapseIDs/eq-a
--- PASS: TestBM25IntegerTenantFiltersDoNotCollapseIDs (0.00s)
    --- PASS: TestBM25IntegerTenantFiltersDoNotCollapseIDs/in-a (0.00s)
    --- PASS: TestBM25IntegerTenantFiltersDoNotCollapseIDs/neq-b (0.00s)
    --- PASS: TestBM25IntegerTenantFiltersDoNotCollapseIDs/in-b (0.00s)
    --- PASS: TestBM25IntegerTenantFiltersDoNotCollapseIDs/eq-b (0.00s)
    --- PASS: TestBM25IntegerTenantFiltersDoNotCollapseIDs/eq-a (0.00s)
    --- PASS: TestBM25IntegerTenantFiltersDoNotCollapseIDs/neq-a (0.00s)
--- PASS: TestNewBM25RejectsInvalidSearchField (0.00s)
PASS
ok  	github.com/skosovsky/ragy/lexical	1.325s
=== RUN   TestSnapshotCacheBoundsEvictsAndRejectsStaleBuilds
--- PASS: TestSnapshotCacheBoundsEvictsAndRejectsStaleBuilds (0.00s)
=== RUN   TestSnapshotCacheConcurrentAdmissionRemainsBounded
--- PASS: TestSnapshotCacheConcurrentAdmissionRemainsBounded (0.00s)
=== RUN   TestRetiredEmptyInventoryCannotConfirmCachedVersion
--- PASS: TestRetiredEmptyInventoryCannotConfirmCachedVersion (0.00s)
=== RUN   TestInventoryObservationRetainsActualMutationFence
--- PASS: TestInventoryObservationRetainsActualMutationFence (0.00s)
=== RUN   TestManagedOwnsBM25ParametersAcrossSnapshotBuilds
--- PASS: TestManagedOwnsBM25ParametersAcrossSnapshotBuilds (0.02s)
=== RUN   TestManagedCodecProtectionStopsCacheMissAndHit
=== RUN   TestManagedCodecProtectionStopsCacheMissAndHit/warm=false/revoke=false/fail=false
=== RUN   TestManagedCodecProtectionStopsCacheMissAndHit/warm=false/revoke=false/fail=true
=== RUN   TestManagedCodecProtectionStopsCacheMissAndHit/warm=false/revoke=true/fail=false
=== RUN   TestManagedCodecProtectionStopsCacheMissAndHit/warm=false/revoke=true/fail=true
=== RUN   TestManagedCodecProtectionStopsCacheMissAndHit/warm=true/revoke=false/fail=false
=== RUN   TestManagedCodecProtectionStopsCacheMissAndHit/warm=true/revoke=false/fail=true
=== RUN   TestManagedCodecProtectionStopsCacheMissAndHit/warm=true/revoke=true/fail=false
=== RUN   TestManagedCodecProtectionStopsCacheMissAndHit/warm=true/revoke=true/fail=true
--- PASS: TestManagedCodecProtectionStopsCacheMissAndHit (3.86s)
    --- PASS: TestManagedCodecProtectionStopsCacheMissAndHit/warm=false/revoke=false/fail=false (0.49s)
    --- PASS: TestManagedCodecProtectionStopsCacheMissAndHit/warm=false/revoke=false/fail=true (0.43s)
    --- PASS: TestManagedCodecProtectionStopsCacheMissAndHit/warm=false/revoke=true/fail=false (0.53s)
    --- PASS: TestManagedCodecProtectionStopsCacheMissAndHit/warm=false/revoke=true/fail=true (0.53s)
    --- PASS: TestManagedCodecProtectionStopsCacheMissAndHit/warm=true/revoke=false/fail=false (0.47s)
    --- PASS: TestManagedCodecProtectionStopsCacheMissAndHit/warm=true/revoke=false/fail=true (0.47s)
    --- PASS: TestManagedCodecProtectionStopsCacheMissAndHit/warm=true/revoke=true/fail=false (0.49s)
    --- PASS: TestManagedCodecProtectionStopsCacheMissAndHit/warm=true/revoke=true/fail=true (0.46s)
=== RUN   TestManagedNormalRankingAcrossCacheMissAndHit
--- PASS: TestManagedNormalRankingAcrossCacheMissAndHit (0.41s)
=== RUN   TestManagedCloneFailureAndRevocationStopsMissAndHit
=== RUN   TestManagedCloneFailureAndRevocationStopsMissAndHit/false
=== RUN   TestManagedCloneFailureAndRevocationStopsMissAndHit/true
--- PASS: TestManagedCloneFailureAndRevocationStopsMissAndHit (1.06s)
    --- PASS: TestManagedCloneFailureAndRevocationStopsMissAndHit/false (0.56s)
    --- PASS: TestManagedCloneFailureAndRevocationStopsMissAndHit/true (0.50s)
=== RUN   TestLexicalCleanupRequiresRegisteredExactInventory
=== RUN   TestLexicalCleanupRequiresRegisteredExactInventory/unregistered
=== RUN   TestLexicalCleanupRequiresRegisteredExactInventory/not-dispatched
=== RUN   TestLexicalCleanupRequiresRegisteredExactInventory/forged-support
--- PASS: TestLexicalCleanupRequiresRegisteredExactInventory (1.87s)
    --- PASS: TestLexicalCleanupRequiresRegisteredExactInventory/unregistered (0.59s)
    --- PASS: TestLexicalCleanupRequiresRegisteredExactInventory/not-dispatched (0.73s)
    --- PASS: TestLexicalCleanupRequiresRegisteredExactInventory/forged-support (0.55s)
=== RUN   TestManuallyPinnedStagedRevisionCannotReadBeforePublication
--- PASS: TestManuallyPinnedStagedRevisionCannotReadBeforePublication (0.29s)
=== RUN   TestActualBM25StagingPublicationScopeAndRetainedSnapshots
--- PASS: TestActualBM25StagingPublicationScopeAndRetainedSnapshots (0.98s)
=== RUN   TestActualBM25TombstoneExactCleanupAndMissingSnapshot
--- PASS: TestActualBM25TombstoneExactCleanupAndMissingSnapshot (0.93s)
=== RUN   TestActualBM25RevocationDuringOwnedProjectionFailsClosed
--- PASS: TestActualBM25RevocationDuringOwnedProjectionFailsClosed (0.27s)
=== RUN   TestEmptyPinAndVolatileMissingSnapshotRemainExplicit
--- PASS: TestEmptyPinAndVolatileMissingSnapshotRemainExplicit (0.30s)
=== RUN   TestWarmSnapshotAvoidsRebuildAndRetainsCloneRevocationGates
--- PASS: TestWarmSnapshotAvoidsRebuildAndRetainsCloneRevocationGates (0.29s)
=== RUN   TestCachedSnapshotsPartitionActualPreparedFilters
--- PASS: TestCachedSnapshotsPartitionActualPreparedFilters (0.47s)
=== RUN   TestManagedCacheCapacityMustBeExplicitPositive
--- PASS: TestManagedCacheCapacityMustBeExplicitPositive (0.03s)
PASS
ok  	github.com/skosovsky/ragy/lexical/managed	12.088s
=== RUN   TestTensorValidationCancellationDiscardsResult
=== RUN   TestTensorValidationCancellationDiscardsResult/validate
=== RUN   TestTensorValidationCancellationDiscardsResult/maxsim
=== RUN   TestTensorValidationCancellationDiscardsResult/rerank
--- PASS: TestTensorValidationCancellationDiscardsResult (0.00s)
    --- PASS: TestTensorValidationCancellationDiscardsResult/validate (0.00s)
    --- PASS: TestTensorValidationCancellationDiscardsResult/maxsim (0.00s)
    --- PASS: TestTensorValidationCancellationDiscardsResult/rerank (0.00s)
=== RUN   TestTensorCandidateValidationChecksCancellation
--- PASS: TestTensorCandidateValidationChecksCancellation (0.00s)
=== RUN   TestMaxSimReferenceFixture
--- PASS: TestMaxSimReferenceFixture (0.00s)
=== RUN   TestRerankMissingCandidateAndEvidenceOwnership
--- PASS: TestRerankMissingCandidateAndEvidenceOwnership (0.00s)
=== RUN   TestEmbeddingValidation
=== RUN   TestEmbeddingValidation/empty
=== RUN   TestEmbeddingValidation/empty-token
=== RUN   TestEmbeddingValidation/ragged
=== RUN   TestEmbeddingValidation/nan
=== RUN   TestEmbeddingValidation/infinity
=== RUN   TestEmbeddingValidation/zero
=== RUN   TestEmbeddingValidation/unnormalized
--- PASS: TestEmbeddingValidation (0.00s)
    --- PASS: TestEmbeddingValidation/empty (0.00s)
    --- PASS: TestEmbeddingValidation/empty-token (0.00s)
    --- PASS: TestEmbeddingValidation/ragged (0.00s)
    --- PASS: TestEmbeddingValidation/nan (0.00s)
    --- PASS: TestEmbeddingValidation/infinity (0.00s)
    --- PASS: TestEmbeddingValidation/zero (0.00s)
    --- PASS: TestEmbeddingValidation/unnormalized (0.00s)
=== RUN   TestSpaceMismatch
=== RUN   TestSpaceMismatch/model
=== RUN   TestSpaceMismatch/revision
=== RUN   TestSpaceMismatch/configuration
=== RUN   TestSpaceMismatch/space
=== RUN   TestSpaceMismatch/dimension
--- PASS: TestSpaceMismatch (0.00s)
    --- PASS: TestSpaceMismatch/model (0.00s)
    --- PASS: TestSpaceMismatch/revision (0.00s)
    --- PASS: TestSpaceMismatch/configuration (0.00s)
    --- PASS: TestSpaceMismatch/space (0.00s)
    --- PASS: TestSpaceMismatch/dimension (0.00s)
=== RUN   TestRerankRejectsLimitsDuplicatesAndCancellation
--- PASS: TestRerankRejectsLimitsDuplicatesAndCancellation (0.00s)
=== RUN   TestTensorRecordRequiresExplicitValidatedSpace
--- PASS: TestTensorRecordRequiresExplicitValidatedSpace (0.00s)
=== RUN   TestRawDotMaxSimDeclaresActualSemantics
--- PASS: TestRawDotMaxSimDeclaresActualSemantics (0.00s)
=== RUN   TestNativeMaxSimNegativeScoresAreNotClamped
=== RUN   TestNativeMaxSimNegativeScoresAreNotClamped/dot
=== RUN   TestNativeMaxSimNegativeScoresAreNotClamped/normalized-dot
--- PASS: TestNativeMaxSimNegativeScoresAreNotClamped (0.00s)
    --- PASS: TestNativeMaxSimNegativeScoresAreNotClamped/dot (0.00s)
    --- PASS: TestNativeMaxSimNegativeScoresAreNotClamped/normalized-dot (0.00s)
PASS
ok  	github.com/skosovsky/ragy/tensor	1.299s
=== RUN   TestPartialPublicationNegotiatesBothSearchTargets
=== RUN   TestPartialPublicationNegotiatesBothSearchTargets/#00
=== RUN   TestPartialPublicationNegotiatesBothSearchTargets/candidates
=== RUN   TestPartialPublicationNegotiatesBothSearchTargets/tensor
--- PASS: TestPartialPublicationNegotiatesBothSearchTargets (0.00s)
    --- PASS: TestPartialPublicationNegotiatesBothSearchTargets/#00 (0.00s)
    --- PASS: TestPartialPublicationNegotiatesBothSearchTargets/candidates (0.00s)
    --- PASS: TestPartialPublicationNegotiatesBothSearchTargets/tensor (0.00s)
=== RUN   TestSearchPreservesChildRequestAdmission
=== RUN   TestSearchPreservesChildRequestAdmission/#00
=== RUN   TestSearchPreservesChildRequestAdmission/candidates
=== RUN   TestSearchPreservesChildRequestAdmission/tensor
--- PASS: TestSearchPreservesChildRequestAdmission (0.00s)
    --- PASS: TestSearchPreservesChildRequestAdmission/#00 (0.00s)
    --- PASS: TestSearchPreservesChildRequestAdmission/candidates (0.00s)
    --- PASS: TestSearchPreservesChildRequestAdmission/tensor (0.00s)
=== RUN   TestSearchAdmitsActualCandidateBudgetBeforeDispatch
--- PASS: TestSearchAdmitsActualCandidateBudgetBeforeDispatch (0.00s)
=== RUN   TestSearchAdmitsBothLeavesBeforeCandidateDispatch
--- PASS: TestSearchAdmitsBothLeavesBeforeCandidateDispatch (0.00s)
=== RUN   TestSearchRejectsOverflowWithoutSilentTruncation
--- PASS: TestSearchRejectsOverflowWithoutSilentTruncation (0.00s)
=== RUN   TestSearchOwnsQueryAcrossCandidateCallback
--- PASS: TestSearchOwnsQueryAcrossCandidateCallback (0.00s)
=== RUN   TestSearchCancellationDuringProjectionStopsTensorDispatch
--- PASS: TestSearchCancellationDuringProjectionStopsTensorDispatch (0.00s)
=== RUN   TestSearchRejectsInvalidEmbeddingBeforeCandidateIO
--- PASS: TestSearchRejectsInvalidEmbeddingBeforeCandidateIO (0.00s)
=== RUN   TestSearchInvalidConstructionAndZeroValueFailClosed
--- PASS: TestSearchInvalidConstructionAndZeroValueFailClosed (0.00s)
PASS
ok  	github.com/skosovsky/ragy/tensor/query	1.295s
=== RUN   TestSelectedManifestExplicitlyRejectsRetired
--- PASS: TestSelectedManifestExplicitlyRejectsRetired (0.00s)
=== RUN   TestInspectCleanupRejectsForgedDurableSupports
--- PASS: TestInspectCleanupRejectsForgedDurableSupports (0.76s)
=== RUN   TestInspectRejectsChangedArtifactInventory
=== RUN   TestInspectRejectsChangedArtifactInventory/missing
=== RUN   TestInspectRejectsChangedArtifactInventory/replacement
=== RUN   TestInspectRejectsChangedArtifactInventory/target-missing
=== RUN   TestInspectRejectsChangedArtifactInventory/duplicate
--- PASS: TestInspectRejectsChangedArtifactInventory (0.48s)
    --- PASS: TestInspectRejectsChangedArtifactInventory/missing (0.00s)
    --- PASS: TestInspectRejectsChangedArtifactInventory/replacement (0.00s)
    --- PASS: TestInspectRejectsChangedArtifactInventory/target-missing (0.00s)
    --- PASS: TestInspectRejectsChangedArtifactInventory/duplicate (0.00s)
=== RUN   TestInspectRejectsIncompletePersistedCatalog
--- PASS: TestInspectRejectsIncompletePersistedCatalog (0.45s)
=== RUN   TestActualInventoryBootstrapPreservesUnknownAndFencesMutation
--- PASS: TestActualInventoryBootstrapPreservesUnknownAndFencesMutation (0.64s)
=== RUN   TestPersistentQueryHostPayloadPortChecksAndNoRetry
=== RUN   TestPersistentQueryHostPayloadPortChecksAndNoRetry/valid
=== RUN   TestPersistentQueryHostPayloadPortChecksAndNoRetry/digest
=== RUN   TestPersistentQueryHostPayloadPortChecksAndNoRetry/oversized
=== RUN   TestPersistentQueryHostPayloadPortChecksAndNoRetry/canceled
=== RUN   TestPersistentQueryHostPayloadPortChecksAndNoRetry/deadline
=== RUN   TestPersistentQueryHostPayloadPortChecksAndNoRetry/storage-error
--- PASS: TestPersistentQueryHostPayloadPortChecksAndNoRetry (2.99s)
    --- PASS: TestPersistentQueryHostPayloadPortChecksAndNoRetry/valid (0.55s)
    --- PASS: TestPersistentQueryHostPayloadPortChecksAndNoRetry/digest (0.45s)
    --- PASS: TestPersistentQueryHostPayloadPortChecksAndNoRetry/oversized (0.46s)
    --- PASS: TestPersistentQueryHostPayloadPortChecksAndNoRetry/canceled (0.48s)
    --- PASS: TestPersistentQueryHostPayloadPortChecksAndNoRetry/deadline (0.57s)
    --- PASS: TestPersistentQueryHostPayloadPortChecksAndNoRetry/storage-error (0.49s)
=== RUN   TestPersistentConfigRejectsTypedNilPayloadPort
--- PASS: TestPersistentConfigRejectsTypedNilPayloadPort (0.06s)
=== RUN   TestActualPhysicalCrashChild
    physical_crash_unix_test.go:66: subprocess helper
--- SKIP: TestActualPhysicalCrashChild (0.00s)
=== RUN   TestActualPersistentPhysicalPhaseCrashRecovery
=== RUN   TestActualPersistentPhysicalPhaseCrashRecovery/payload
=== RUN   TestActualPersistentPhysicalPhaseCrashRecovery/catalog
=== RUN   TestActualPersistentPhysicalPhaseCrashRecovery/installed
=== RUN   TestActualPersistentPhysicalPhaseCrashRecovery/retired
=== RUN   TestActualPersistentPhysicalPhaseCrashRecovery/removed
--- PASS: TestActualPersistentPhysicalPhaseCrashRecovery (6.34s)
    --- PASS: TestActualPersistentPhysicalPhaseCrashRecovery/payload (1.35s)
    --- PASS: TestActualPersistentPhysicalPhaseCrashRecovery/catalog (1.54s)
    --- PASS: TestActualPersistentPhysicalPhaseCrashRecovery/installed (1.21s)
    --- PASS: TestActualPersistentPhysicalPhaseCrashRecovery/retired (1.16s)
    --- PASS: TestActualPersistentPhysicalPhaseCrashRecovery/removed (1.09s)
=== RUN   TestPersistentQueryNativeOracleAndNegativeCandidates
--- PASS: TestPersistentQueryNativeOracleAndNegativeCandidates (0.57s)
=== RUN   TestPersistentQueryFiltersBeforePrivatePayloadRead
--- PASS: TestPersistentQueryFiltersBeforePrivatePayloadRead (0.68s)
=== RUN   TestPersistentQueryRejectsInvalidMatrixBeforeFilesystemIO
--- PASS: TestPersistentQueryRejectsInvalidMatrixBeforeFilesystemIO (0.58s)
=== RUN   TestPersistentQuerySeparateProcessRestart
--- PASS: TestPersistentQuerySeparateProcessRestart (1.72s)
=== RUN   TestPersistentTombstoneCleanupRetainedReadUnavailable
--- PASS: TestPersistentTombstoneCleanupRetainedReadUnavailable (0.99s)
=== RUN   TestActualSparseCandidatesToPersistentTensor
=== RUN   TestActualSparseCandidatesToPersistentTensor/all-candidates
=== RUN   TestActualSparseCandidatesToPersistentTensor/missing-t1
--- PASS: TestActualSparseCandidatesToPersistentTensor (1.03s)
    --- PASS: TestActualSparseCandidatesToPersistentTensor/all-candidates (0.55s)
    --- PASS: TestActualSparseCandidatesToPersistentTensor/missing-t1 (0.48s)
=== RUN   TestPersistentOriginalMappingSurvivesRestart
--- PASS: TestPersistentOriginalMappingSurvivesRestart (0.52s)
=== RUN   TestPersistentMappingCannotClaimAnotherRevision
--- PASS: TestPersistentMappingCannotClaimAnotherRevision (0.22s)
=== RUN   TestPersistentTensorStageSurvivesFreshAdapterAndDetectsCorruption
--- PASS: TestPersistentTensorStageSurvivesFreshAdapterAndDetectsCorruption (0.42s)
=== RUN   TestPersistentTensorInvalidMatrixFailsBeforeTargetWrites
--- PASS: TestPersistentTensorInvalidMatrixFailsBeforeTargetWrites (0.06s)
=== RUN   TestPersistentSupportInventoryAndOldSchemaCannotAttestReady
=== RUN   TestPersistentSupportInventoryAndOldSchemaCannotAttestReady/supports
=== RUN   TestPersistentSupportInventoryAndOldSchemaCannotAttestReady/old-schema
=== RUN   TestPersistentSupportInventoryAndOldSchemaCannotAttestReady/previous-envelope
=== RUN   TestPersistentSupportInventoryAndOldSchemaCannotAttestReady/missing-inventory
--- PASS: TestPersistentSupportInventoryAndOldSchemaCannotAttestReady (1.60s)
    --- PASS: TestPersistentSupportInventoryAndOldSchemaCannotAttestReady/supports (0.33s)
    --- PASS: TestPersistentSupportInventoryAndOldSchemaCannotAttestReady/old-schema (0.34s)
    --- PASS: TestPersistentSupportInventoryAndOldSchemaCannotAttestReady/previous-envelope (0.46s)
    --- PASS: TestPersistentSupportInventoryAndOldSchemaCannotAttestReady/missing-inventory (0.47s)
PASS
ok  	github.com/skosovsky/ragy/tensor/persistent	21.427s
=== RUN   TestSelectedManifestExplicitlyRejectsRetired
--- PASS: TestSelectedManifestExplicitlyRejectsRetired (0.00s)
=== RUN   TestInspectCleanupRejectsForgedDurableSupports
--- PASS: TestInspectCleanupRejectsForgedDurableSupports (0.75s)
=== RUN   TestInspectRejectsChangedArtifactInventory
=== RUN   TestInspectRejectsChangedArtifactInventory/missing
=== RUN   TestInspectRejectsChangedArtifactInventory/replacement
=== RUN   TestInspectRejectsChangedArtifactInventory/target-missing
=== RUN   TestInspectRejectsChangedArtifactInventory/duplicate
--- PASS: TestInspectRejectsChangedArtifactInventory (0.47s)
    --- PASS: TestInspectRejectsChangedArtifactInventory/missing (0.00s)
    --- PASS: TestInspectRejectsChangedArtifactInventory/replacement (0.00s)
    --- PASS: TestInspectRejectsChangedArtifactInventory/target-missing (0.00s)
    --- PASS: TestInspectRejectsChangedArtifactInventory/duplicate (0.00s)
=== RUN   TestInspectRejectsIncompletePersistedCatalog
--- PASS: TestInspectRejectsIncompletePersistedCatalog (0.45s)
=== RUN   TestActualInventoryBootstrapPreservesUnknownAndFencesMutation
--- PASS: TestActualInventoryBootstrapPreservesUnknownAndFencesMutation (0.59s)
=== RUN   TestPersistentProfileScoreRoundTrip
=== RUN   TestPersistentProfileScoreRoundTrip/normalized-dot
=== RUN   TestPersistentProfileScoreRoundTrip/dot
=== RUN   TestPersistentProfileScoreRoundTrip/cosine
=== RUN   TestPersistentProfileScoreRoundTrip/negative-squared-l2
--- PASS: TestPersistentProfileScoreRoundTrip (1.66s)
    --- PASS: TestPersistentProfileScoreRoundTrip/normalized-dot (0.44s)
    --- PASS: TestPersistentProfileScoreRoundTrip/dot (0.41s)
    --- PASS: TestPersistentProfileScoreRoundTrip/cosine (0.40s)
    --- PASS: TestPersistentProfileScoreRoundTrip/negative-squared-l2 (0.41s)
=== RUN   TestPersistentQueryHostPayloadPortChecksAndNoRetry
=== RUN   TestPersistentQueryHostPayloadPortChecksAndNoRetry/valid
=== RUN   TestPersistentQueryHostPayloadPortChecksAndNoRetry/digest
=== RUN   TestPersistentQueryHostPayloadPortChecksAndNoRetry/oversized
=== RUN   TestPersistentQueryHostPayloadPortChecksAndNoRetry/canceled
=== RUN   TestPersistentQueryHostPayloadPortChecksAndNoRetry/deadline
=== RUN   TestPersistentQueryHostPayloadPortChecksAndNoRetry/storage-error
--- PASS: TestPersistentQueryHostPayloadPortChecksAndNoRetry (2.96s)
    --- PASS: TestPersistentQueryHostPayloadPortChecksAndNoRetry/valid (0.40s)
    --- PASS: TestPersistentQueryHostPayloadPortChecksAndNoRetry/digest (0.49s)
    --- PASS: TestPersistentQueryHostPayloadPortChecksAndNoRetry/oversized (0.51s)
    --- PASS: TestPersistentQueryHostPayloadPortChecksAndNoRetry/canceled (0.55s)
    --- PASS: TestPersistentQueryHostPayloadPortChecksAndNoRetry/deadline (0.45s)
    --- PASS: TestPersistentQueryHostPayloadPortChecksAndNoRetry/storage-error (0.56s)
=== RUN   TestPersistentConfigRejectsTypedNilPayloadPort
--- PASS: TestPersistentConfigRejectsTypedNilPayloadPort (0.06s)
=== RUN   TestActualPhysicalCrashChild
    physical_crash_unix_test.go:66: subprocess helper
--- SKIP: TestActualPhysicalCrashChild (0.00s)
=== RUN   TestActualPersistentPhysicalPhaseCrashRecovery
=== RUN   TestActualPersistentPhysicalPhaseCrashRecovery/payload
=== RUN   TestActualPersistentPhysicalPhaseCrashRecovery/catalog
=== RUN   TestActualPersistentPhysicalPhaseCrashRecovery/installed
=== RUN   TestActualPersistentPhysicalPhaseCrashRecovery/retired
=== RUN   TestActualPersistentPhysicalPhaseCrashRecovery/removed
--- PASS: TestActualPersistentPhysicalPhaseCrashRecovery (6.25s)
    --- PASS: TestActualPersistentPhysicalPhaseCrashRecovery/payload (1.38s)
    --- PASS: TestActualPersistentPhysicalPhaseCrashRecovery/catalog (1.36s)
    --- PASS: TestActualPersistentPhysicalPhaseCrashRecovery/installed (1.13s)
    --- PASS: TestActualPersistentPhysicalPhaseCrashRecovery/retired (1.19s)
    --- PASS: TestActualPersistentPhysicalPhaseCrashRecovery/removed (1.19s)
=== RUN   TestPersistentDenseNativeScoresAfterRestart
--- PASS: TestPersistentDenseNativeScoresAfterRestart (0.61s)
=== RUN   TestPersistentDensePrivatePayloadNeverLoaded
--- PASS: TestPersistentDensePrivatePayloadNeverLoaded (0.61s)
=== RUN   TestPersistentDenseMalformedQueryBeforeIO
--- PASS: TestPersistentDenseMalformedQueryBeforeIO (0.48s)
=== RUN   TestPersistentDenseScanLimitBeforePayloadCallbacks
--- PASS: TestPersistentDenseScanLimitBeforePayloadCallbacks (0.60s)
=== RUN   TestPersistentDenseSeparateProcessRestart
--- PASS: TestPersistentDenseSeparateProcessRestart (1.73s)
=== RUN   TestPersistentDenseTombstoneThenPhysicalCleanup
--- PASS: TestPersistentDenseTombstoneThenPhysicalCleanup (0.84s)
=== RUN   TestPersistentOriginalMappingSurvivesRestart
--- PASS: TestPersistentOriginalMappingSurvivesRestart (0.46s)
=== RUN   TestPersistentMappingCannotClaimAnotherRevision
--- PASS: TestPersistentMappingCannotClaimAnotherRevision (0.15s)
=== RUN   TestPersistentDenseStageSurvivesFreshAdapterAndDetectsCorruption
--- PASS: TestPersistentDenseStageSurvivesFreshAdapterAndDetectsCorruption (0.37s)
=== RUN   TestPersistentDenseInvalidMatrixFailsBeforeTargetWrites
--- PASS: TestPersistentDenseInvalidMatrixFailsBeforeTargetWrites (0.05s)
=== RUN   TestPersistentSupportInventoryAndOldSchemaCannotAttestReady
=== RUN   TestPersistentSupportInventoryAndOldSchemaCannotAttestReady/supports
=== RUN   TestPersistentSupportInventoryAndOldSchemaCannotAttestReady/old-schema
=== RUN   TestPersistentSupportInventoryAndOldSchemaCannotAttestReady/previous-envelope
=== RUN   TestPersistentSupportInventoryAndOldSchemaCannotAttestReady/missing-inventory
--- PASS: TestPersistentSupportInventoryAndOldSchemaCannotAttestReady (1.57s)
    --- PASS: TestPersistentSupportInventoryAndOldSchemaCannotAttestReady/supports (0.37s)
    --- PASS: TestPersistentSupportInventoryAndOldSchemaCannotAttestReady/old-schema (0.47s)
    --- PASS: TestPersistentSupportInventoryAndOldSchemaCannotAttestReady/previous-envelope (0.43s)
    --- PASS: TestPersistentSupportInventoryAndOldSchemaCannotAttestReady/missing-inventory (0.31s)
PASS
ok  	github.com/skosovsky/ragy/dense/persistent	21.966s
=== RUN   TestInventoryKeysBoundsOpaqueEntriesAndExcludesReservedLock
--- PASS: TestInventoryKeysBoundsOpaqueEntriesAndExcludesReservedLock (0.07s)
=== RUN   TestOpaqueInventoryKeyCannotReferenceOtherStorage
--- PASS: TestOpaqueInventoryKeyCannotReferenceOtherStorage (0.00s)
=== RUN   TestQueryPayloadRejectsInvalidInputBeforeHostIO
=== RUN   TestQueryPayloadRejectsInvalidInputBeforeHostIO/reference
=== RUN   TestQueryPayloadRejectsInvalidInputBeforeHostIO/path
=== RUN   TestQueryPayloadRejectsInvalidInputBeforeHostIO/zero
=== RUN   TestQueryPayloadRejectsInvalidInputBeforeHostIO/negative
=== RUN   TestQueryPayloadRejectsInvalidInputBeforeHostIO/overflow
=== RUN   TestQueryPayloadRejectsInvalidInputBeforeHostIO/typed-nil
=== RUN   TestQueryPayloadRejectsInvalidInputBeforeHostIO/canceled
--- PASS: TestQueryPayloadRejectsInvalidInputBeforeHostIO (0.00s)
    --- PASS: TestQueryPayloadRejectsInvalidInputBeforeHostIO/reference (0.00s)
    --- PASS: TestQueryPayloadRejectsInvalidInputBeforeHostIO/path (0.00s)
    --- PASS: TestQueryPayloadRejectsInvalidInputBeforeHostIO/zero (0.00s)
    --- PASS: TestQueryPayloadRejectsInvalidInputBeforeHostIO/negative (0.00s)
    --- PASS: TestQueryPayloadRejectsInvalidInputBeforeHostIO/overflow (0.00s)
    --- PASS: TestQueryPayloadRejectsInvalidInputBeforeHostIO/typed-nil (0.00s)
    --- PASS: TestQueryPayloadRejectsInvalidInputBeforeHostIO/canceled (0.00s)
=== RUN   TestQueryPayloadHostBoundary
=== RUN   TestQueryPayloadHostBoundary/bounded
=== RUN   TestQueryPayloadHostBoundary/oversized
=== RUN   TestQueryPayloadHostBoundary/error
=== RUN   TestQueryPayloadHostBoundary/canceled-during
--- PASS: TestQueryPayloadHostBoundary (0.00s)
    --- PASS: TestQueryPayloadHostBoundary/bounded (0.00s)
    --- PASS: TestQueryPayloadHostBoundary/oversized (0.00s)
    --- PASS: TestQueryPayloadHostBoundary/error (0.00s)
    --- PASS: TestQueryPayloadHostBoundary/canceled-during (0.00s)
=== RUN   TestQueryPayloadDefaultReadsActualBoundedFile
--- PASS: TestQueryPayloadDefaultReadsActualBoundedFile (0.08s)
=== RUN   TestQueryPayloadErrorsPreserveContractsAndRedactStorage
--- PASS: TestQueryPayloadErrorsPreserveContractsAndRedactStorage (0.00s)
PASS
ok  	github.com/skosovsky/ragy/internal/durablefs	1.459s
