=== RUN   TestRealPostgresCanonicalCodecAndQuotedTable
    bridge_pg_test.go:69: native quoted table=RagyT17_15177, canonical custom codec calls=4, exact deleted=1
--- PASS: TestRealPostgresCanonicalCodecAndQuotedTable (3.25s)
=== RUN   TestRealPostgresPortableQueryAndDeleteParity
    filter_pg_test.go:216: PostgreSQL/pgvector [17.11 (Debian 17.11-1.pgdg12+2) 0.8.7]; table=ragy_t09_15177
=== RUN   TestRealPostgresPortableQueryAndDeleteParity/s_eq
=== RUN   TestRealPostgresPortableQueryAndDeleteParity/s_not_eq
=== RUN   TestRealPostgresPortableQueryAndDeleteParity/s_neq
=== RUN   TestRealPostgresPortableQueryAndDeleteParity/s_not_neq
=== RUN   TestRealPostgresPortableQueryAndDeleteParity/s_in
=== RUN   TestRealPostgresPortableQueryAndDeleteParity/s_not_in
=== RUN   TestRealPostgresPortableQueryAndDeleteParity/s_in_both
=== RUN   TestRealPostgresPortableQueryAndDeleteParity/s_not_in_both
=== RUN   TestRealPostgresPortableQueryAndDeleteParity/i_eq
=== RUN   TestRealPostgresPortableQueryAndDeleteParity/i_not_eq
=== RUN   TestRealPostgresPortableQueryAndDeleteParity/i_neq
=== RUN   TestRealPostgresPortableQueryAndDeleteParity/i_not_neq
=== RUN   TestRealPostgresPortableQueryAndDeleteParity/i_in
=== RUN   TestRealPostgresPortableQueryAndDeleteParity/i_not_in
=== RUN   TestRealPostgresPortableQueryAndDeleteParity/i_in_both
=== RUN   TestRealPostgresPortableQueryAndDeleteParity/i_not_in_both
=== RUN   TestRealPostgresPortableQueryAndDeleteParity/f_eq
=== RUN   TestRealPostgresPortableQueryAndDeleteParity/f_not_eq
=== RUN   TestRealPostgresPortableQueryAndDeleteParity/f_neq
=== RUN   TestRealPostgresPortableQueryAndDeleteParity/f_not_neq
=== RUN   TestRealPostgresPortableQueryAndDeleteParity/f_in
=== RUN   TestRealPostgresPortableQueryAndDeleteParity/f_not_in
=== RUN   TestRealPostgresPortableQueryAndDeleteParity/f_in_both
=== RUN   TestRealPostgresPortableQueryAndDeleteParity/f_not_in_both
=== RUN   TestRealPostgresPortableQueryAndDeleteParity/b_eq
=== RUN   TestRealPostgresPortableQueryAndDeleteParity/b_not_eq
=== RUN   TestRealPostgresPortableQueryAndDeleteParity/b_neq
=== RUN   TestRealPostgresPortableQueryAndDeleteParity/b_not_neq
=== RUN   TestRealPostgresPortableQueryAndDeleteParity/b_in
=== RUN   TestRealPostgresPortableQueryAndDeleteParity/b_not_in
=== RUN   TestRealPostgresPortableQueryAndDeleteParity/b_in_both
=== RUN   TestRealPostgresPortableQueryAndDeleteParity/b_not_in_both
=== RUN   TestRealPostgresPortableQueryAndDeleteParity/i_gt
=== RUN   TestRealPostgresPortableQueryAndDeleteParity/i_not_gt
=== RUN   TestRealPostgresPortableQueryAndDeleteParity/i_gte
=== RUN   TestRealPostgresPortableQueryAndDeleteParity/i_not_gte
=== RUN   TestRealPostgresPortableQueryAndDeleteParity/i_lt
=== RUN   TestRealPostgresPortableQueryAndDeleteParity/i_not_lt
=== RUN   TestRealPostgresPortableQueryAndDeleteParity/i_lte
=== RUN   TestRealPostgresPortableQueryAndDeleteParity/i_not_lte
=== RUN   TestRealPostgresPortableQueryAndDeleteParity/f_gt
=== RUN   TestRealPostgresPortableQueryAndDeleteParity/f_not_gt
=== RUN   TestRealPostgresPortableQueryAndDeleteParity/f_gte
=== RUN   TestRealPostgresPortableQueryAndDeleteParity/f_not_gte
=== RUN   TestRealPostgresPortableQueryAndDeleteParity/f_lt
=== RUN   TestRealPostgresPortableQueryAndDeleteParity/f_not_lt
=== RUN   TestRealPostgresPortableQueryAndDeleteParity/f_lte
=== RUN   TestRealPostgresPortableQueryAndDeleteParity/f_not_lte
=== RUN   TestRealPostgresPortableQueryAndDeleteParity/empty
=== RUN   TestRealPostgresPortableQueryAndDeleteParity/and
=== RUN   TestRealPostgresPortableQueryAndDeleteParity/or
=== RUN   TestRealPostgresPortableQueryAndDeleteParity/not_and
=== RUN   TestRealPostgresPortableQueryAndDeleteParity/not_or
=== RUN   TestRealPostgresPortableQueryAndDeleteParity/not_or_and
=== RUN   TestRealPostgresPortableQueryAndDeleteParity/or_not_and
=== RUN   TestRealPostgresPortableQueryAndDeleteParity/and_not_or
=== NAME  TestRealPostgresPortableQueryAndDeleteParity
    filter_pg_test.go:250: corpus=81 predicates=56 malformed=12; query/delete parity verified
--- PASS: TestRealPostgresPortableQueryAndDeleteParity (103.61s)
    --- PASS: TestRealPostgresPortableQueryAndDeleteParity/s_eq (2.15s)
    --- PASS: TestRealPostgresPortableQueryAndDeleteParity/s_not_eq (2.46s)
    --- PASS: TestRealPostgresPortableQueryAndDeleteParity/s_neq (2.50s)
    --- PASS: TestRealPostgresPortableQueryAndDeleteParity/s_not_neq (2.77s)
    --- PASS: TestRealPostgresPortableQueryAndDeleteParity/s_in (1.70s)
    --- PASS: TestRealPostgresPortableQueryAndDeleteParity/s_not_in (1.58s)
    --- PASS: TestRealPostgresPortableQueryAndDeleteParity/s_in_both (1.59s)
    --- PASS: TestRealPostgresPortableQueryAndDeleteParity/s_not_in_both (1.57s)
    --- PASS: TestRealPostgresPortableQueryAndDeleteParity/i_eq (1.60s)
    --- PASS: TestRealPostgresPortableQueryAndDeleteParity/i_not_eq (1.55s)
    --- PASS: TestRealPostgresPortableQueryAndDeleteParity/i_neq (1.64s)
    --- PASS: TestRealPostgresPortableQueryAndDeleteParity/i_not_neq (1.56s)
    --- PASS: TestRealPostgresPortableQueryAndDeleteParity/i_in (1.67s)
    --- PASS: TestRealPostgresPortableQueryAndDeleteParity/i_not_in (1.92s)
    --- PASS: TestRealPostgresPortableQueryAndDeleteParity/i_in_both (1.68s)
    --- PASS: TestRealPostgresPortableQueryAndDeleteParity/i_not_in_both (1.59s)
    --- PASS: TestRealPostgresPortableQueryAndDeleteParity/f_eq (1.62s)
    --- PASS: TestRealPostgresPortableQueryAndDeleteParity/f_not_eq (1.86s)
    --- PASS: TestRealPostgresPortableQueryAndDeleteParity/f_neq (1.64s)
    --- PASS: TestRealPostgresPortableQueryAndDeleteParity/f_not_neq (1.63s)
    --- PASS: TestRealPostgresPortableQueryAndDeleteParity/f_in (1.81s)
    --- PASS: TestRealPostgresPortableQueryAndDeleteParity/f_not_in (1.80s)
    --- PASS: TestRealPostgresPortableQueryAndDeleteParity/f_in_both (1.63s)
    --- PASS: TestRealPostgresPortableQueryAndDeleteParity/f_not_in_both (1.85s)
    --- PASS: TestRealPostgresPortableQueryAndDeleteParity/b_eq (1.72s)
    --- PASS: TestRealPostgresPortableQueryAndDeleteParity/b_not_eq (1.67s)
    --- PASS: TestRealPostgresPortableQueryAndDeleteParity/b_neq (1.92s)
    --- PASS: TestRealPostgresPortableQueryAndDeleteParity/b_not_neq (1.60s)
    --- PASS: TestRealPostgresPortableQueryAndDeleteParity/b_in (1.63s)
    --- PASS: TestRealPostgresPortableQueryAndDeleteParity/b_not_in (1.80s)
    --- PASS: TestRealPostgresPortableQueryAndDeleteParity/b_in_both (1.58s)
    --- PASS: TestRealPostgresPortableQueryAndDeleteParity/b_not_in_both (1.88s)
    --- PASS: TestRealPostgresPortableQueryAndDeleteParity/i_gt (1.86s)
    --- PASS: TestRealPostgresPortableQueryAndDeleteParity/i_not_gt (2.24s)
    --- PASS: TestRealPostgresPortableQueryAndDeleteParity/i_gte (2.60s)
    --- PASS: TestRealPostgresPortableQueryAndDeleteParity/i_not_gte (2.70s)
    --- PASS: TestRealPostgresPortableQueryAndDeleteParity/i_lt (1.92s)
    --- PASS: TestRealPostgresPortableQueryAndDeleteParity/i_not_lt (2.10s)
    --- PASS: TestRealPostgresPortableQueryAndDeleteParity/i_lte (1.94s)
    --- PASS: TestRealPostgresPortableQueryAndDeleteParity/i_not_lte (1.65s)
    --- PASS: TestRealPostgresPortableQueryAndDeleteParity/f_gt (1.58s)
    --- PASS: TestRealPostgresPortableQueryAndDeleteParity/f_not_gt (1.76s)
    --- PASS: TestRealPostgresPortableQueryAndDeleteParity/f_gte (1.81s)
    --- PASS: TestRealPostgresPortableQueryAndDeleteParity/f_not_gte (1.73s)
    --- PASS: TestRealPostgresPortableQueryAndDeleteParity/f_lt (1.68s)
    --- PASS: TestRealPostgresPortableQueryAndDeleteParity/f_not_lt (1.68s)
    --- PASS: TestRealPostgresPortableQueryAndDeleteParity/f_lte (1.56s)
    --- PASS: TestRealPostgresPortableQueryAndDeleteParity/f_not_lte (1.63s)
    --- PASS: TestRealPostgresPortableQueryAndDeleteParity/empty (1.13s)
    --- PASS: TestRealPostgresPortableQueryAndDeleteParity/and (1.61s)
    --- PASS: TestRealPostgresPortableQueryAndDeleteParity/or (1.88s)
    --- PASS: TestRealPostgresPortableQueryAndDeleteParity/not_and (2.40s)
    --- PASS: TestRealPostgresPortableQueryAndDeleteParity/not_or (2.02s)
    --- PASS: TestRealPostgresPortableQueryAndDeleteParity/not_or_and (1.92s)
    --- PASS: TestRealPostgresPortableQueryAndDeleteParity/or_not_and (1.90s)
    --- PASS: TestRealPostgresPortableQueryAndDeleteParity/and_not_or (1.97s)
PASS
ok  	github.com/skosovsky/ragy/adapters/pgvector	108.304s
