level=warning msg="The linter 'exhaustruct' is deprecated (since v2.13.0) due to: new major version. Replaced by exhaustruct_v5."
level=warning msg="[linters_context/goanalysis] Failed to persist facts to cache: failed to save data to low-level cache by key newexpr/facts for package lexical: open /Users/skosovsky/Library/Caches/golangci-lint/c6/c635130c1c9067e90f023d8bf2786a1de93f2477c64a78d68f8a9c50e616ee86-a: no space left on device"
level=warning msg="[linters_context/goanalysis] Failed to persist facts to cache: failed to save data to low-level cache by key gochecksumtype/facts for package dense: write /Users/skosovsky/Library/Caches/golangci-lint/e3/e3428b2be291806beb992952a242631057dcd38b8b14ff0a2b2c3882a0d6ae09-a: no space left on device"
level=warning msg="[linters_context/goanalysis] Failed to persist facts to cache: failed to save data to low-level cache by key ctrlflow/facts for package dense: write /Users/skosovsky/Library/Caches/golangci-lint/4e/4ec8773011e16c896122c75ed2a0501453da8e7775a85081d8ffc2ebfa29fcc3-a: no space left on device"
level=warning msg="[linters_context/goanalysis] Failed to persist facts to cache: failed to save data to low-level cache by key newexpr/facts for package dense: write /Users/skosovsky/Library/Caches/golangci-lint/85/85700bbfeb4e35463a6678821745cfdd1adba7ad932f0480077db880f260aed3-a: no space left on device"
level=warning msg="[linters_context/goanalysis] Failed to persist facts to cache: failed to save data to low-level cache by key fact_deprecated/facts for package dense: open /Users/skosovsky/Library/Caches/golangci-lint/60/6075e35af8bcf08090ef449a54ed5c6a7d1f28f5ac8fd3d527f05b7f4ac660f5-a: no space left on device"
level=warning msg="[linters_context/goanalysis] Failed to persist facts to cache: failed to save data to low-level cache by key exhaustive/facts for package lexical: open /Users/skosovsky/Library/Caches/golangci-lint/bf/bf42471cba7ea8c4be59ea2dde1990252844efb37d15800fba8f8f6a784b0775-a: no space left on device"
level=warning msg="[linters_context/goanalysis] Failed to persist facts to cache: failed to save data to low-level cache by key exhaustive/facts for package dense: write /Users/skosovsky/Library/Caches/golangci-lint/8d/8d668e01ea6e1bd9c31012d2cefe8053c20a75fd9c8f138e560270db73c4ab2c-a: no space left on device"
level=warning msg="[linters_context/goanalysis] Failed to persist facts to cache: failed to save data to low-level cache by key fact_purity/facts for package dense: open /Users/skosovsky/Library/Caches/golangci-lint/5f/5f1c102034eb6635150506e3096098326103509885de5bf025e949d460a4e0de-a: no space left on device"
level=warning msg="[linters_context/goanalysis] Failed to persist facts to cache: failed to save data to low-level cache by key inline/facts for package lexical: write /Users/skosovsky/Library/Caches/golangci-lint/b9/b9b2faaf0c08fb7de702b69b8e6d10c8c517a2e0b4c2780ef9dd8f012042378d-a: no space left on device"
level=warning msg="[linters_context/goanalysis] Failed to persist facts to cache: failed to save data to low-level cache by key SA5012/facts for package dense: open /Users/skosovsky/Library/Caches/golangci-lint/cf/cfa5b7871e91f3e712cee43bef81f69b915ea88cf2a36baf152891063302bd96-a: no space left on device"
level=warning msg="[linters_context/goanalysis] Failed to persist facts to cache: failed to save data to low-level cache by key nilness/facts for package dense: write /Users/skosovsky/Library/Caches/golangci-lint/1a/1a12d3de59b04f0b255c14ad210af05aafe25d1456007c02b235553c4ee65df6-a: no space left on device"
level=warning msg="[linters_context/goanalysis] Failed to persist facts to cache: failed to save data to low-level cache by key fact_deprecated/facts for package chunking: open /Users/skosovsky/Library/Caches/golangci-lint/b4/b43c7c67afb8e1d1b5e2bd3a06b6c7e9fed01cb7e6291e1f0501f09b40c3525d-a: no space left on device"
level=warning msg="[linters_context/goanalysis] Failed to persist facts to cache: failed to save data to low-level cache by key ctrlflow/facts for package contracttest: write /Users/skosovsky/Library/Caches/golangci-lint/b2/b2cc3db8eeaa15ad267d3c0eb0f1cbbafa686d9d8e379a175312f98649c4e32d-a: no space left on device"
level=warning msg="[linters_context/goanalysis] Failed to persist facts to cache: failed to save data to low-level cache by key exhaustive/facts for package contracttest: open /Users/skosovsky/Library/Caches/golangci-lint/9a/9a1fa1d73e42f998db89b98f38e4c40722c13ad8feac25915eb31fb13d0f465a-a: no space left on device"
level=warning msg="[linters_context/goanalysis] Failed to persist facts to cache: failed to save data to low-level cache by key gochecksumtype/facts for package contracttest: open /Users/skosovsky/Library/Caches/golangci-lint/da/da45a0709c24ea90f283395f8d444f7ea8a90f42f8ddaf9536c22146f778be8f-a: no space left on device"
level=warning msg="[linters_context/goanalysis] Failed to persist facts to cache: failed to save data to low-level cache by key inline/facts for package documents_test: open /Users/skosovsky/Library/Caches/golangci-lint/40/408c6b10af08a6f04532b9d47e74466c95dc8e5dce258f6abe925eca54f47365-a: no space left on device"
level=warning msg="[linters_context/goanalysis] Failed to persist facts to cache: failed to save data to low-level cache by key findcall/facts for package contracttest: open /Users/skosovsky/Library/Caches/golangci-lint/5b/5b886003be0fd85e40a760a62add54fa51e44a543e0aeccd7324b1d259f3f288-a: no space left on device"
level=warning msg="[linters_context/goanalysis] Failed to persist facts to cache: failed to save data to low-level cache by key findcall/facts for package documents_test: open /Users/skosovsky/Library/Caches/golangci-lint/b1/b10a11003afdcb8b268c5e576b016b3bf6e81a6215e8b530f15a143136f86ceb-a: no space left on device"
level=warning msg="[linters_context/goanalysis] Failed to persist facts to cache: failed to save data to low-level cache by key newexpr/facts for package documents_test: open /Users/skosovsky/Library/Caches/golangci-lint/4d/4d818c9688da72a93ba0f313de52277383809ffbc283de1c641c387502e565f5-a: no space left on device"
level=warning msg="[linters_context/goanalysis] Failed to persist facts to cache: failed to save data to low-level cache by key ctrlflow/facts for package documents_test: open /Users/skosovsky/Library/Caches/golangci-lint/37/37bb9c8cfaaeb99f4042a9fe0cf3e49e3e504efc1fa244ab32b56b9715ba4f92-a: no space left on device"
level=warning msg="[linters_context/goanalysis] Failed to persist facts to cache: failed to save data to low-level cache by key nilness/facts for package contracttest: open /Users/skosovsky/Library/Caches/golangci-lint/3b/3b60cf45883bc0ae540b444556ea4a1726bf5007c25adc154cac2ae5e5e96f3e-d: no space left on device"
level=warning msg="[linters_context/goanalysis] Failed to persist facts to cache: failed to save data to low-level cache by key fact_purity/facts for package contracttest: open /Users/skosovsky/Library/Caches/golangci-lint/a5/a57bebcd99536a7d6ecfcf53f64827236aa1992013bc8d6e880f76b2e7318c3b-a: no space left on device"
level=warning msg="[linters_context/goanalysis] Failed to persist facts to cache: failed to save data to low-level cache by key SA5012/facts for package contracttest: open /Users/skosovsky/Library/Caches/golangci-lint/88/88d48c4cf209f782d88cc522f217b13609bf4b868419ab8adff79cbc6e7dd2c9-a: no space left on device"
level=warning msg="[linters_context/goanalysis] Failed to persist facts to cache: failed to save data to low-level cache by key SA5012/facts for package documents_test: open /Users/skosovsky/Library/Caches/golangci-lint/29/29cde719c63e69f0f9460cd25ff83797e458dacbaf22c7e7d388182f3a9b96c1-a: no space left on device"
level=warning msg="[linters_context/goanalysis] Failed to persist facts to cache: failed to save data to low-level cache by key fact_purity/facts for package documents_test: open /Users/skosovsky/Library/Caches/golangci-lint/d8/d897c6d5a7b0a88ae773cf072f0e648a8e88c4bcd4a864da6bbc32e9fe6d7150-a: no space left on device"
level=warning msg="[linters_context/goanalysis] Failed to persist facts to cache: failed to save data to low-level cache by key nilness/facts for package documents_test: open /Users/skosovsky/Library/Caches/golangci-lint/b6/b60ff8e8caddbcb7f7a38f886a82b4f3f0074590a1e7329d27c1081bf1745b47-a: no space left on device"
level=warning msg="[linters_context/goanalysis] Failed to persist facts to cache: failed to save data to low-level cache by key fact_deprecated/facts for package retrieval: open /Users/skosovsky/Library/Caches/golangci-lint/b3/b3975c5b072d1e16007844177ca9a1187cb95fee8595812860d8dc4a577a2841-a: no space left on device"
level=warning msg="[linters_context/goanalysis] Failed to persist facts to cache: failed to save data to low-level cache by key findcall/facts for package retrieval: open /Users/skosovsky/Library/Caches/golangci-lint/dd/dd705160f1bfba658b812db30ef8922e620e11bb28a8a3cf4f7f8835bdade8ed-a: no space left on device"
level=warning msg="[linters_context/goanalysis] Failed to persist facts to cache: failed to save data to low-level cache by key gochecksumtype/facts for package retrieval: open /Users/skosovsky/Library/Caches/golangci-lint/40/408758409b885f48e8dbdef7473c3d78b06f9a7521720342acdf64e9ca0138a2-a: no space left on device"
filter/builder.go:4:1: File is not properly formatted (goimports)
	"fmt"
^
filter/builder_contract_test.go:5:1: File is not properly formatted (goimports)
	ragy "github.com/skosovsky/ragy"
^
filter/builder_contract_test.go:18:1: File is not properly formatted (golines)
	if constructed != nil || !errors.Is(constructorErr, ragy.ErrInvalidArgument) || !errors.Is(buildErr, ragy.ErrInvalidArgument) || !errors.Is(zeroErr, ragy.ErrInvalidArgument) || !IsEmpty(condition.IR()) {
^
3 issues:
* goimports: 2
* golines: 1
