=== RUN   TestModelRerankerGateBeforeDispatchAndAfterIO
=== RUN   TestModelRerankerGateBeforeDispatchAndAfterIO/before-dispatch
=== RUN   TestModelRerankerGateBeforeDispatchAndAfterIO/during-http
--- PASS: TestModelRerankerGateBeforeDispatchAndAfterIO (0.00s)
    --- PASS: TestModelRerankerGateBeforeDispatchAndAfterIO/before-dispatch (0.00s)
    --- PASS: TestModelRerankerGateBeforeDispatchAndAfterIO/during-http (0.00s)
=== RUN   TestOfficialWireAndObservedSearchUnits
--- PASS: TestOfficialWireAndObservedSearchUnits (0.00s)
=== RUN   TestAdversarialResponse
=== RUN   TestAdversarialResponse/unknown-usage
=== RUN   TestAdversarialResponse/known-zero
=== RUN   TestAdversarialResponse/negative-usage
=== RUN   TestAdversarialResponse/wrong-model
=== RUN   TestAdversarialResponse/duplicate
=== RUN   TestAdversarialResponse/missing-index
=== RUN   TestAdversarialResponse/missing-score
=== RUN   TestAdversarialResponse/out-of-range
=== RUN   TestAdversarialResponse/nonfinite
=== RUN   TestAdversarialResponse/refusal
--- PASS: TestAdversarialResponse (0.02s)
    --- PASS: TestAdversarialResponse/unknown-usage (0.00s)
    --- PASS: TestAdversarialResponse/known-zero (0.00s)
    --- PASS: TestAdversarialResponse/negative-usage (0.00s)
    --- PASS: TestAdversarialResponse/wrong-model (0.00s)
    --- PASS: TestAdversarialResponse/duplicate (0.00s)
    --- PASS: TestAdversarialResponse/missing-index (0.00s)
    --- PASS: TestAdversarialResponse/missing-score (0.00s)
    --- PASS: TestAdversarialResponse/out-of-range (0.00s)
    --- PASS: TestAdversarialResponse/nonfinite (0.00s)
    --- PASS: TestAdversarialResponse/refusal (0.00s)
=== RUN   TestLocalLimitsPreventDispatch
--- PASS: TestLocalLimitsPreventDispatch (0.00s)
=== RUN   TestTransportBoundsAndSanitization
=== RUN   TestTransportBoundsAndSanitization/oversized
=== RUN   TestTransportBoundsAndSanitization/redirect
=== RUN   TestTransportBoundsAndSanitization/error
=== RUN   TestTransportBoundsAndSanitization/timeout
=== RUN   TestTransportBoundsAndSanitization/canceled
--- PASS: TestTransportBoundsAndSanitization (0.03s)
    --- PASS: TestTransportBoundsAndSanitization/oversized (0.00s)
    --- PASS: TestTransportBoundsAndSanitization/redirect (0.00s)
    --- PASS: TestTransportBoundsAndSanitization/error (0.00s)
    --- PASS: TestTransportBoundsAndSanitization/timeout (0.02s)
    --- PASS: TestTransportBoundsAndSanitization/canceled (0.00s)
=== RUN   TestProviderSmoke
    bounds_test.go:197: set RAGY_PROVIDER_SMOKE=1, COHERE_API_KEY and COHERE_RERANK_MODEL for a paid live call
--- SKIP: TestProviderSmoke (0.00s)
=== RUN   TestNewRejectsEmptyAPIKey
--- PASS: TestNewRejectsEmptyAPIKey (0.00s)
=== RUN   TestNewRejectsEmptyModel
=== PAUSE TestNewRejectsEmptyModel
=== RUN   TestRerankUsesProviderIndexes
--- PASS: TestRerankUsesProviderIndexes (0.00s)
=== RUN   TestRerankPreservesMeta
--- PASS: TestRerankPreservesMeta (0.00s)
=== RUN   TestRerankPreservesResolverOnEmptyQuery
=== PAUSE TestRerankPreservesResolverOnEmptyQuery
=== RUN   TestRerankNilResultSetReturnsEmpty
=== PAUSE TestRerankNilResultSetReturnsEmpty
=== RUN   TestRerankReturnsErrorOnHTTP4xx
--- PASS: TestRerankReturnsErrorOnHTTP4xx (0.00s)
=== RUN   TestRerankRejectsCardinalityMismatch
--- PASS: TestRerankRejectsCardinalityMismatch (0.00s)
=== RUN   TestRerankPreservesInputOnTransportError
=== PAUSE TestRerankPreservesInputOnTransportError
=== RUN   TestRerankReturnsErrorOnTransportFailure
=== PAUSE TestRerankReturnsErrorOnTransportFailure
=== RUN   TestRerankPreservesInputResolver
--- PASS: TestRerankPreservesInputResolver (0.00s)
=== RUN   TestRerankPartialConformance
=== RUN   TestRerankPartialConformance/empty_query_preserves_input_resolver
=== RUN   TestRerankPartialConformance/invalid_document_returns_protocol_error
=== RUN   TestRerankPartialConformance/mixed_valid_and_invalid_preserves_partial
--- PASS: TestRerankPartialConformance (0.00s)
    --- PASS: TestRerankPartialConformance/empty_query_preserves_input_resolver (0.00s)
    --- PASS: TestRerankPartialConformance/invalid_document_returns_protocol_error (0.00s)
    --- PASS: TestRerankPartialConformance/mixed_valid_and_invalid_preserves_partial (0.00s)
=== CONT  TestRerankPreservesResolverOnEmptyQuery
=== CONT  TestRerankPreservesInputOnTransportError
=== CONT  TestRerankNilResultSetReturnsEmpty
--- PASS: TestRerankPreservesResolverOnEmptyQuery (0.00s)
=== RUN   TestRerankPreservesInputOnTransportError/503
=== CONT  TestNewRejectsEmptyModel
--- PASS: TestRerankNilResultSetReturnsEmpty (0.00s)
--- PASS: TestNewRejectsEmptyModel (0.00s)
=== CONT  TestRerankReturnsErrorOnTransportFailure
=== PAUSE TestRerankPreservesInputOnTransportError/503
=== RUN   TestRerankPreservesInputOnTransportError/429
=== PAUSE TestRerankPreservesInputOnTransportError/429
=== CONT  TestRerankPreservesInputOnTransportError/429
=== CONT  TestRerankPreservesInputOnTransportError/503
--- PASS: TestRerankReturnsErrorOnTransportFailure (0.00s)
--- PASS: TestRerankPreservesInputOnTransportError (0.00s)
    --- PASS: TestRerankPreservesInputOnTransportError/429 (0.00s)
    --- PASS: TestRerankPreservesInputOnTransportError/503 (0.00s)
PASS
ok  	github.com/skosovsky/ragy/adapters/cohere/rerank	1.250s
