=== RUN   TestExplicitMetricConstraints
=== RUN   TestExplicitMetricConstraints/raw_dot_keeps_nonunit
=== RUN   TestExplicitMetricConstraints/L2_keeps_zero
=== RUN   TestExplicitMetricConstraints/cosine_allows_nonunit
=== RUN   TestExplicitMetricConstraints/cosine_rejects_zero
=== RUN   TestExplicitMetricConstraints/unit_requirement_explicit
=== RUN   TestExplicitMetricConstraints/unit_vector
=== RUN   TestExplicitMetricConstraints/NaN
=== RUN   TestExplicitMetricConstraints/Inf
=== RUN   TestExplicitMetricConstraints/dimension
--- PASS: TestExplicitMetricConstraints (0.00s)
    --- PASS: TestExplicitMetricConstraints/raw_dot_keeps_nonunit (0.00s)
    --- PASS: TestExplicitMetricConstraints/L2_keeps_zero (0.00s)
    --- PASS: TestExplicitMetricConstraints/cosine_allows_nonunit (0.00s)
    --- PASS: TestExplicitMetricConstraints/cosine_rejects_zero (0.00s)
    --- PASS: TestExplicitMetricConstraints/unit_requirement_explicit (0.00s)
    --- PASS: TestExplicitMetricConstraints/unit_vector (0.00s)
    --- PASS: TestExplicitMetricConstraints/NaN (0.00s)
    --- PASS: TestExplicitMetricConstraints/Inf (0.00s)
    --- PASS: TestExplicitMetricConstraints/dimension (0.00s)
=== RUN   TestUsageDoesNotFabricateKnownCounters
=== RUN   TestUsageDoesNotFabricateKnownCounters/unknown
=== RUN   TestUsageDoesNotFabricateKnownCounters/known_zero
=== RUN   TestUsageDoesNotFabricateKnownCounters/observed
=== RUN   TestUsageDoesNotFabricateKnownCounters/unknown_with_value
=== RUN   TestUsageDoesNotFabricateKnownCounters/negative
=== RUN   TestUsageDoesNotFabricateKnownCounters/unknown_billing_with_value
--- PASS: TestUsageDoesNotFabricateKnownCounters (0.00s)
    --- PASS: TestUsageDoesNotFabricateKnownCounters/unknown (0.00s)
    --- PASS: TestUsageDoesNotFabricateKnownCounters/known_zero (0.00s)
    --- PASS: TestUsageDoesNotFabricateKnownCounters/observed (0.00s)
    --- PASS: TestUsageDoesNotFabricateKnownCounters/unknown_with_value (0.00s)
    --- PASS: TestUsageDoesNotFabricateKnownCounters/negative (0.00s)
    --- PASS: TestUsageDoesNotFabricateKnownCounters/unknown_billing_with_value (0.00s)
=== RUN   TestHostEncodingCanImplementStrictRemoteBound
--- PASS: TestHostEncodingCanImplementStrictRemoteBound (0.00s)
PASS
ok  	github.com/skosovsky/ragy/embedding	1.198s
=== RUN   TestConfiguration
=== RUN   TestConfiguration/#00
=== RUN   TestConfiguration/ftp://provider.example
=== RUN   TestConfiguration/https://secret@provider.example
=== RUN   TestConfiguration/https://provider.example?key=secret
=== RUN   TestConfiguration/https://provider.example?
=== RUN   TestConfiguration/https://provider.example#secret
--- PASS: TestConfiguration (0.00s)
    --- PASS: TestConfiguration/#00 (0.00s)
    --- PASS: TestConfiguration/ftp://provider.example (0.00s)
    --- PASS: TestConfiguration/https://secret@provider.example (0.00s)
    --- PASS: TestConfiguration/https://provider.example?key=secret (0.00s)
    --- PASS: TestConfiguration/https://provider.example? (0.00s)
    --- PASS: TestConfiguration/https://provider.example#secret (0.00s)
=== RUN   TestValidateTexts
=== RUN   TestValidateTexts/valid
=== RUN   TestValidateTexts/aggregate-overflow
=== RUN   TestValidateTexts/too-many
=== RUN   TestValidateTexts/empty
=== RUN   TestValidateTexts/blank
=== RUN   TestValidateTexts/invalid-utf8
--- PASS: TestValidateTexts (0.00s)
    --- PASS: TestValidateTexts/valid (0.00s)
    --- PASS: TestValidateTexts/aggregate-overflow (0.00s)
    --- PASS: TestValidateTexts/too-many (0.00s)
    --- PASS: TestValidateTexts/empty (0.00s)
    --- PASS: TestValidateTexts/blank (0.00s)
    --- PASS: TestValidateTexts/invalid-utf8 (0.00s)
=== RUN   TestPostEnvelope
=== RUN   TestPostEnvelope/valid-unknown
=== RUN   TestPostEnvelope/trailing-space
=== RUN   TestPostEnvelope/trailing-object
=== RUN   TestPostEnvelope/trailing-junk
=== RUN   TestPostEnvelope/array
=== RUN   TestPostEnvelope/null
=== RUN   TestPostEnvelope/invalid
=== RUN   TestPostEnvelope/oversized
--- PASS: TestPostEnvelope (0.00s)
    --- PASS: TestPostEnvelope/valid-unknown (0.00s)
    --- PASS: TestPostEnvelope/trailing-space (0.00s)
    --- PASS: TestPostEnvelope/trailing-object (0.00s)
    --- PASS: TestPostEnvelope/trailing-junk (0.00s)
    --- PASS: TestPostEnvelope/array (0.00s)
    --- PASS: TestPostEnvelope/null (0.00s)
    --- PASS: TestPostEnvelope/invalid (0.00s)
    --- PASS: TestPostEnvelope/oversized (0.00s)
=== RUN   TestPostPreflight
--- PASS: TestPostPreflight (0.00s)
=== RUN   TestPostSanitizesErrors
=== RUN   TestPostSanitizesErrors/transport
=== RUN   TestPostSanitizesErrors/transport-canceled
=== RUN   TestPostSanitizesErrors/transport-timeout
=== RUN   TestPostSanitizesErrors/nil-response
=== RUN   TestPostSanitizesErrors/nil-body
=== RUN   TestPostSanitizesErrors/server-error
=== RUN   TestPostSanitizesErrors/redirect
=== RUN   TestPostSanitizesErrors/read-error
--- PASS: TestPostSanitizesErrors (0.00s)
    --- PASS: TestPostSanitizesErrors/transport (0.00s)
    --- PASS: TestPostSanitizesErrors/transport-canceled (0.00s)
    --- PASS: TestPostSanitizesErrors/transport-timeout (0.00s)
    --- PASS: TestPostSanitizesErrors/nil-response (0.00s)
    --- PASS: TestPostSanitizesErrors/nil-body (0.00s)
    --- PASS: TestPostSanitizesErrors/server-error (0.00s)
    --- PASS: TestPostSanitizesErrors/redirect (0.00s)
    --- PASS: TestPostSanitizesErrors/read-error (0.00s)
=== RUN   TestPostContextTimeout
--- PASS: TestPostContextTimeout (0.01s)
=== RUN   TestPostParentCancellationAfterTransport
--- PASS: TestPostParentCancellationAfterTransport (0.00s)
=== RUN   TestStandardClientRedirectsRejected
--- PASS: TestStandardClientRedirectsRejected (0.02s)
=== RUN   TestCredentialAdmission
=== RUN   TestCredentialAdmission/invalid
=== RUN   TestCredentialAdmission/invalid#01
=== RUN   TestCredentialAdmission/invalid#02
=== RUN   TestCredentialAdmission/invalid#03
=== RUN   TestCredentialAdmission/invalid#04
=== RUN   TestCredentialAdmission/invalid#05
=== RUN   TestCredentialAdmission/invalid#06
=== RUN   TestCredentialAdmission/invalid#07
--- PASS: TestCredentialAdmission (0.00s)
    --- PASS: TestCredentialAdmission/invalid (0.00s)
    --- PASS: TestCredentialAdmission/invalid#01 (0.00s)
    --- PASS: TestCredentialAdmission/invalid#02 (0.00s)
    --- PASS: TestCredentialAdmission/invalid#03 (0.00s)
    --- PASS: TestCredentialAdmission/invalid#04 (0.00s)
    --- PASS: TestCredentialAdmission/invalid#05 (0.00s)
    --- PASS: TestCredentialAdmission/invalid#06 (0.00s)
    --- PASS: TestCredentialAdmission/invalid#07 (0.00s)
=== RUN   TestEnvelopeNormalizationPolicy
--- PASS: TestEnvelopeNormalizationPolicy (0.00s)
PASS
ok  	github.com/skosovsky/ragy/internal/providerhttp	1.284s
=== RUN   TestExplicitMetricSimilarity
=== RUN   TestExplicitMetricSimilarity/normalized-dot
=== RUN   TestExplicitMetricSimilarity/dot
=== RUN   TestExplicitMetricSimilarity/cosine
=== RUN   TestExplicitMetricSimilarity/negative-squared-l2
--- PASS: TestExplicitMetricSimilarity (0.00s)
    --- PASS: TestExplicitMetricSimilarity/normalized-dot (0.00s)
    --- PASS: TestExplicitMetricSimilarity/dot (0.00s)
    --- PASS: TestExplicitMetricSimilarity/cosine (0.00s)
    --- PASS: TestExplicitMetricSimilarity/negative-squared-l2 (0.00s)
=== RUN   TestVectorProfileValidation
--- PASS: TestVectorProfileValidation (0.00s)
PASS
ok  	github.com/skosovsky/ragy/dense	1.170s
=== RUN   TestTensorValidationCancellationDiscardsResult
=== RUN   TestTensorValidationCancellationDiscardsResult/validate
=== RUN   TestTensorValidationCancellationDiscardsResult/maxsim
=== RUN   TestTensorValidationCancellationDiscardsResult/rerank
--- PASS: TestTensorValidationCancellationDiscardsResult (0.00s)
    --- PASS: TestTensorValidationCancellationDiscardsResult/validate (0.00s)
    --- PASS: TestTensorValidationCancellationDiscardsResult/maxsim (0.00s)
    --- PASS: TestTensorValidationCancellationDiscardsResult/rerank (0.00s)
=== RUN   TestTensorCandidateValidationChecksCancellation
--- PASS: TestTensorCandidateValidationChecksCancellation (0.00s)
=== RUN   TestMaxSimReferenceFixture
--- PASS: TestMaxSimReferenceFixture (0.00s)
=== RUN   TestRerankMissingCandidateAndEvidenceOwnership
--- PASS: TestRerankMissingCandidateAndEvidenceOwnership (0.00s)
=== RUN   TestEmbeddingValidation
=== RUN   TestEmbeddingValidation/empty
=== RUN   TestEmbeddingValidation/empty-token
=== RUN   TestEmbeddingValidation/ragged
=== RUN   TestEmbeddingValidation/nan
=== RUN   TestEmbeddingValidation/infinity
=== RUN   TestEmbeddingValidation/zero
=== RUN   TestEmbeddingValidation/unnormalized
--- PASS: TestEmbeddingValidation (0.01s)
    --- PASS: TestEmbeddingValidation/empty (0.00s)
    --- PASS: TestEmbeddingValidation/empty-token (0.00s)
    --- PASS: TestEmbeddingValidation/ragged (0.00s)
    --- PASS: TestEmbeddingValidation/nan (0.00s)
    --- PASS: TestEmbeddingValidation/infinity (0.00s)
    --- PASS: TestEmbeddingValidation/zero (0.00s)
    --- PASS: TestEmbeddingValidation/unnormalized (0.00s)
=== RUN   TestSpaceMismatch
=== RUN   TestSpaceMismatch/model
=== RUN   TestSpaceMismatch/revision
=== RUN   TestSpaceMismatch/configuration
=== RUN   TestSpaceMismatch/space
=== RUN   TestSpaceMismatch/dimension
--- PASS: TestSpaceMismatch (0.01s)
    --- PASS: TestSpaceMismatch/model (0.00s)
    --- PASS: TestSpaceMismatch/revision (0.00s)
    --- PASS: TestSpaceMismatch/configuration (0.00s)
    --- PASS: TestSpaceMismatch/space (0.00s)
    --- PASS: TestSpaceMismatch/dimension (0.00s)
=== RUN   TestRerankRejectsLimitsDuplicatesAndCancellation
--- PASS: TestRerankRejectsLimitsDuplicatesAndCancellation (0.00s)
=== RUN   TestTensorRecordRequiresExplicitValidatedSpace
--- PASS: TestTensorRecordRequiresExplicitValidatedSpace (0.00s)
=== RUN   TestRawDotMaxSimDeclaresActualSemantics
--- PASS: TestRawDotMaxSimDeclaresActualSemantics (0.00s)
=== RUN   TestNativeMaxSimNegativeScoresAreNotClamped
=== RUN   TestNativeMaxSimNegativeScoresAreNotClamped/dot
=== RUN   TestNativeMaxSimNegativeScoresAreNotClamped/normalized-dot
--- PASS: TestNativeMaxSimNegativeScoresAreNotClamped (0.00s)
    --- PASS: TestNativeMaxSimNegativeScoresAreNotClamped/dot (0.00s)
    --- PASS: TestNativeMaxSimNegativeScoresAreNotClamped/normalized-dot (0.00s)
PASS
ok  	github.com/skosovsky/ragy/tensor	1.226s
=== RUN   TestThreeRecipesUseActualScopedBM25
=== RUN   TestThreeRecipesUseActualScopedBM25/single-rewrite
=== RUN   TestThreeRecipesUseActualScopedBM25/multi-query
=== RUN   TestThreeRecipesUseActualScopedBM25/decomposition
--- PASS: TestThreeRecipesUseActualScopedBM25 (0.00s)
    --- PASS: TestThreeRecipesUseActualScopedBM25/single-rewrite (0.00s)
    --- PASS: TestThreeRecipesUseActualScopedBM25/multi-query (0.00s)
    --- PASS: TestThreeRecipesUseActualScopedBM25/decomposition (0.00s)
=== RUN   TestParallelRunsOfOneRecipeOwnIndependentAttempts
--- PASS: TestParallelRunsOfOneRecipeOwnIndependentAttempts (0.00s)
=== RUN   TestRecipeSnapshotsArtifactOptions
--- PASS: TestRecipeSnapshotsArtifactOptions (0.00s)
=== RUN   TestRecipeRejectsTypedNilOptionalEncoder
--- PASS: TestRecipeRejectsTypedNilOptionalEncoder (0.00s)
=== RUN   TestCallbackFailureSurvivesLocalDeadline
=== RUN   TestCallbackFailureSurvivesLocalDeadline/plan/ordinary/run
=== RUN   TestCallbackFailureSurvivesLocalDeadline/plan/ordinary/own
=== RUN   TestCallbackFailureSurvivesLocalDeadline/plan/ordinary/observed
=== RUN   TestCallbackFailureSurvivesLocalDeadline/plan/ordinary/own-observed
=== RUN   TestCallbackFailureSurvivesLocalDeadline/plan/protocol/run
=== RUN   TestCallbackFailureSurvivesLocalDeadline/plan/protocol/own
=== RUN   TestCallbackFailureSurvivesLocalDeadline/plan/protocol/observed
=== RUN   TestCallbackFailureSurvivesLocalDeadline/plan/protocol/own-observed
=== RUN   TestCallbackFailureSurvivesLocalDeadline/plan/protection/run
=== RUN   TestCallbackFailureSurvivesLocalDeadline/plan/protection/own
=== RUN   TestCallbackFailureSurvivesLocalDeadline/plan/protection/observed
=== RUN   TestCallbackFailureSurvivesLocalDeadline/plan/protection/own-observed
=== RUN   TestCallbackFailureSurvivesLocalDeadline/plan/joined-protection/run
=== RUN   TestCallbackFailureSurvivesLocalDeadline/plan/joined-protection/own
=== RUN   TestCallbackFailureSurvivesLocalDeadline/plan/joined-protection/observed
=== RUN   TestCallbackFailureSurvivesLocalDeadline/plan/joined-protection/own-observed
=== RUN   TestCallbackFailureSurvivesLocalDeadline/plan/joined-ordinary/run
=== RUN   TestCallbackFailureSurvivesLocalDeadline/plan/joined-ordinary/own
=== RUN   TestCallbackFailureSurvivesLocalDeadline/plan/joined-ordinary/observed
=== RUN   TestCallbackFailureSurvivesLocalDeadline/plan/joined-ordinary/own-observed
=== RUN   TestCallbackFailureSurvivesLocalDeadline/plan/joined-budget/run
=== RUN   TestCallbackFailureSurvivesLocalDeadline/plan/joined-budget/own
=== RUN   TestCallbackFailureSurvivesLocalDeadline/plan/joined-budget/observed
=== RUN   TestCallbackFailureSurvivesLocalDeadline/plan/joined-budget/own-observed
=== RUN   TestCallbackFailureSurvivesLocalDeadline/retrieve/ordinary/run
=== RUN   TestCallbackFailureSurvivesLocalDeadline/retrieve/ordinary/own
=== RUN   TestCallbackFailureSurvivesLocalDeadline/retrieve/ordinary/observed
=== RUN   TestCallbackFailureSurvivesLocalDeadline/retrieve/ordinary/own-observed
=== RUN   TestCallbackFailureSurvivesLocalDeadline/retrieve/protocol/run
=== RUN   TestCallbackFailureSurvivesLocalDeadline/retrieve/protocol/own
=== RUN   TestCallbackFailureSurvivesLocalDeadline/retrieve/protocol/observed
=== RUN   TestCallbackFailureSurvivesLocalDeadline/retrieve/protocol/own-observed
=== RUN   TestCallbackFailureSurvivesLocalDeadline/retrieve/protection/run
=== RUN   TestCallbackFailureSurvivesLocalDeadline/retrieve/protection/own
=== RUN   TestCallbackFailureSurvivesLocalDeadline/retrieve/protection/observed
=== RUN   TestCallbackFailureSurvivesLocalDeadline/retrieve/protection/own-observed
=== RUN   TestCallbackFailureSurvivesLocalDeadline/retrieve/joined-protection/run
=== RUN   TestCallbackFailureSurvivesLocalDeadline/retrieve/joined-protection/own
=== RUN   TestCallbackFailureSurvivesLocalDeadline/retrieve/joined-protection/observed
=== RUN   TestCallbackFailureSurvivesLocalDeadline/retrieve/joined-protection/own-observed
=== RUN   TestCallbackFailureSurvivesLocalDeadline/retrieve/joined-ordinary/run
=== RUN   TestCallbackFailureSurvivesLocalDeadline/retrieve/joined-ordinary/own
=== RUN   TestCallbackFailureSurvivesLocalDeadline/retrieve/joined-ordinary/observed
=== RUN   TestCallbackFailureSurvivesLocalDeadline/retrieve/joined-ordinary/own-observed
=== RUN   TestCallbackFailureSurvivesLocalDeadline/retrieve/joined-budget/run
=== RUN   TestCallbackFailureSurvivesLocalDeadline/retrieve/joined-budget/own
=== RUN   TestCallbackFailureSurvivesLocalDeadline/retrieve/joined-budget/observed
=== RUN   TestCallbackFailureSurvivesLocalDeadline/retrieve/joined-budget/own-observed
=== RUN   TestCallbackFailureSurvivesLocalDeadline/assess/ordinary/run
=== RUN   TestCallbackFailureSurvivesLocalDeadline/assess/ordinary/own
=== RUN   TestCallbackFailureSurvivesLocalDeadline/assess/ordinary/observed
=== RUN   TestCallbackFailureSurvivesLocalDeadline/assess/ordinary/own-observed
=== RUN   TestCallbackFailureSurvivesLocalDeadline/assess/protocol/run
=== RUN   TestCallbackFailureSurvivesLocalDeadline/assess/protocol/own
=== RUN   TestCallbackFailureSurvivesLocalDeadline/assess/protocol/observed
=== RUN   TestCallbackFailureSurvivesLocalDeadline/assess/protocol/own-observed
=== RUN   TestCallbackFailureSurvivesLocalDeadline/assess/protection/run
=== RUN   TestCallbackFailureSurvivesLocalDeadline/assess/protection/own
=== RUN   TestCallbackFailureSurvivesLocalDeadline/assess/protection/observed
=== RUN   TestCallbackFailureSurvivesLocalDeadline/assess/protection/own-observed
=== RUN   TestCallbackFailureSurvivesLocalDeadline/assess/joined-protection/run
=== RUN   TestCallbackFailureSurvivesLocalDeadline/assess/joined-protection/own
=== RUN   TestCallbackFailureSurvivesLocalDeadline/assess/joined-protection/observed
=== RUN   TestCallbackFailureSurvivesLocalDeadline/assess/joined-protection/own-observed
=== RUN   TestCallbackFailureSurvivesLocalDeadline/assess/joined-ordinary/run
=== RUN   TestCallbackFailureSurvivesLocalDeadline/assess/joined-ordinary/own
=== RUN   TestCallbackFailureSurvivesLocalDeadline/assess/joined-ordinary/observed
=== RUN   TestCallbackFailureSurvivesLocalDeadline/assess/joined-ordinary/own-observed
=== RUN   TestCallbackFailureSurvivesLocalDeadline/assess/joined-budget/run
=== RUN   TestCallbackFailureSurvivesLocalDeadline/assess/joined-budget/own
=== RUN   TestCallbackFailureSurvivesLocalDeadline/assess/joined-budget/observed
=== RUN   TestCallbackFailureSurvivesLocalDeadline/assess/joined-budget/own-observed
=== RUN   TestCallbackFailureSurvivesLocalDeadline/encode/ordinary/run
=== RUN   TestCallbackFailureSurvivesLocalDeadline/encode/ordinary/own
=== RUN   TestCallbackFailureSurvivesLocalDeadline/encode/ordinary/observed
=== RUN   TestCallbackFailureSurvivesLocalDeadline/encode/ordinary/own-observed
=== RUN   TestCallbackFailureSurvivesLocalDeadline/encode/protocol/run
=== RUN   TestCallbackFailureSurvivesLocalDeadline/encode/protocol/own
=== RUN   TestCallbackFailureSurvivesLocalDeadline/encode/protocol/observed
=== RUN   TestCallbackFailureSurvivesLocalDeadline/encode/protocol/own-observed
=== RUN   TestCallbackFailureSurvivesLocalDeadline/encode/protection/run
=== RUN   TestCallbackFailureSurvivesLocalDeadline/encode/protection/own
=== RUN   TestCallbackFailureSurvivesLocalDeadline/encode/protection/observed
=== RUN   TestCallbackFailureSurvivesLocalDeadline/encode/protection/own-observed
=== RUN   TestCallbackFailureSurvivesLocalDeadline/encode/joined-protection/run
=== RUN   TestCallbackFailureSurvivesLocalDeadline/encode/joined-protection/own
=== RUN   TestCallbackFailureSurvivesLocalDeadline/encode/joined-protection/observed
=== RUN   TestCallbackFailureSurvivesLocalDeadline/encode/joined-protection/own-observed
=== RUN   TestCallbackFailureSurvivesLocalDeadline/encode/joined-ordinary/run
=== RUN   TestCallbackFailureSurvivesLocalDeadline/encode/joined-ordinary/own
=== RUN   TestCallbackFailureSurvivesLocalDeadline/encode/joined-ordinary/observed
=== RUN   TestCallbackFailureSurvivesLocalDeadline/encode/joined-ordinary/own-observed
=== RUN   TestCallbackFailureSurvivesLocalDeadline/encode/joined-budget/run
=== RUN   TestCallbackFailureSurvivesLocalDeadline/encode/joined-budget/own
=== RUN   TestCallbackFailureSurvivesLocalDeadline/encode/joined-budget/observed
=== RUN   TestCallbackFailureSurvivesLocalDeadline/encode/joined-budget/own-observed
--- PASS: TestCallbackFailureSurvivesLocalDeadline (0.03s)
    --- PASS: TestCallbackFailureSurvivesLocalDeadline/plan/ordinary/run (0.00s)
    --- PASS: TestCallbackFailureSurvivesLocalDeadline/plan/ordinary/own (0.00s)
    --- PASS: TestCallbackFailureSurvivesLocalDeadline/plan/ordinary/observed (0.00s)
    --- PASS: TestCallbackFailureSurvivesLocalDeadline/plan/ordinary/own-observed (0.00s)
    --- PASS: TestCallbackFailureSurvivesLocalDeadline/plan/protocol/run (0.00s)
    --- PASS: TestCallbackFailureSurvivesLocalDeadline/plan/protocol/own (0.00s)
    --- PASS: TestCallbackFailureSurvivesLocalDeadline/plan/protocol/observed (0.00s)
    --- PASS: TestCallbackFailureSurvivesLocalDeadline/plan/protocol/own-observed (0.00s)
    --- PASS: TestCallbackFailureSurvivesLocalDeadline/plan/protection/run (0.00s)
    --- PASS: TestCallbackFailureSurvivesLocalDeadline/plan/protection/own (0.00s)
    --- PASS: TestCallbackFailureSurvivesLocalDeadline/plan/protection/observed (0.00s)
    --- PASS: TestCallbackFailureSurvivesLocalDeadline/plan/protection/own-observed (0.00s)
    --- PASS: TestCallbackFailureSurvivesLocalDeadline/plan/joined-protection/run (0.00s)
    --- PASS: TestCallbackFailureSurvivesLocalDeadline/plan/joined-protection/own (0.00s)
    --- PASS: TestCallbackFailureSurvivesLocalDeadline/plan/joined-protection/observed (0.00s)
    --- PASS: TestCallbackFailureSurvivesLocalDeadline/plan/joined-protection/own-observed (0.00s)
    --- PASS: TestCallbackFailureSurvivesLocalDeadline/plan/joined-ordinary/run (0.00s)
    --- PASS: TestCallbackFailureSurvivesLocalDeadline/plan/joined-ordinary/own (0.00s)
    --- PASS: TestCallbackFailureSurvivesLocalDeadline/plan/joined-ordinary/observed (0.00s)
    --- PASS: TestCallbackFailureSurvivesLocalDeadline/plan/joined-ordinary/own-observed (0.00s)
    --- PASS: TestCallbackFailureSurvivesLocalDeadline/plan/joined-budget/run (0.00s)
    --- PASS: TestCallbackFailureSurvivesLocalDeadline/plan/joined-budget/own (0.00s)
    --- PASS: TestCallbackFailureSurvivesLocalDeadline/plan/joined-budget/observed (0.00s)
    --- PASS: TestCallbackFailureSurvivesLocalDeadline/plan/joined-budget/own-observed (0.00s)
    --- PASS: TestCallbackFailureSurvivesLocalDeadline/retrieve/ordinary/run (0.00s)
    --- PASS: TestCallbackFailureSurvivesLocalDeadline/retrieve/ordinary/own (0.00s)
    --- PASS: TestCallbackFailureSurvivesLocalDeadline/retrieve/ordinary/observed (0.00s)
    --- PASS: TestCallbackFailureSurvivesLocalDeadline/retrieve/ordinary/own-observed (0.00s)
    --- PASS: TestCallbackFailureSurvivesLocalDeadline/retrieve/protocol/run (0.00s)
    --- PASS: TestCallbackFailureSurvivesLocalDeadline/retrieve/protocol/own (0.00s)
    --- PASS: TestCallbackFailureSurvivesLocalDeadline/retrieve/protocol/observed (0.00s)
    --- PASS: TestCallbackFailureSurvivesLocalDeadline/retrieve/protocol/own-observed (0.00s)
    --- PASS: TestCallbackFailureSurvivesLocalDeadline/retrieve/protection/run (0.00s)
    --- PASS: TestCallbackFailureSurvivesLocalDeadline/retrieve/protection/own (0.00s)
    --- PASS: TestCallbackFailureSurvivesLocalDeadline/retrieve/protection/observed (0.00s)
    --- PASS: TestCallbackFailureSurvivesLocalDeadline/retrieve/protection/own-observed (0.00s)
    --- PASS: TestCallbackFailureSurvivesLocalDeadline/retrieve/joined-protection/run (0.00s)
    --- PASS: TestCallbackFailureSurvivesLocalDeadline/retrieve/joined-protection/own (0.00s)
    --- PASS: TestCallbackFailureSurvivesLocalDeadline/retrieve/joined-protection/observed (0.00s)
    --- PASS: TestCallbackFailureSurvivesLocalDeadline/retrieve/joined-protection/own-observed (0.00s)
    --- PASS: TestCallbackFailureSurvivesLocalDeadline/retrieve/joined-ordinary/run (0.00s)
    --- PASS: TestCallbackFailureSurvivesLocalDeadline/retrieve/joined-ordinary/own (0.00s)
    --- PASS: TestCallbackFailureSurvivesLocalDeadline/retrieve/joined-ordinary/observed (0.00s)
    --- PASS: TestCallbackFailureSurvivesLocalDeadline/retrieve/joined-ordinary/own-observed (0.00s)
    --- PASS: TestCallbackFailureSurvivesLocalDeadline/retrieve/joined-budget/run (0.00s)
    --- PASS: TestCallbackFailureSurvivesLocalDeadline/retrieve/joined-budget/own (0.00s)
    --- PASS: TestCallbackFailureSurvivesLocalDeadline/retrieve/joined-budget/observed (0.00s)
    --- PASS: TestCallbackFailureSurvivesLocalDeadline/retrieve/joined-budget/own-observed (0.00s)
    --- PASS: TestCallbackFailureSurvivesLocalDeadline/assess/ordinary/run (0.00s)
    --- PASS: TestCallbackFailureSurvivesLocalDeadline/assess/ordinary/own (0.00s)
    --- PASS: TestCallbackFailureSurvivesLocalDeadline/assess/ordinary/observed (0.00s)
    --- PASS: TestCallbackFailureSurvivesLocalDeadline/assess/ordinary/own-observed (0.00s)
    --- PASS: TestCallbackFailureSurvivesLocalDeadline/assess/protocol/run (0.00s)
    --- PASS: TestCallbackFailureSurvivesLocalDeadline/assess/protocol/own (0.00s)
    --- PASS: TestCallbackFailureSurvivesLocalDeadline/assess/protocol/observed (0.00s)
    --- PASS: TestCallbackFailureSurvivesLocalDeadline/assess/protocol/own-observed (0.00s)
    --- PASS: TestCallbackFailureSurvivesLocalDeadline/assess/protection/run (0.00s)
    --- PASS: TestCallbackFailureSurvivesLocalDeadline/assess/protection/own (0.00s)
    --- PASS: TestCallbackFailureSurvivesLocalDeadline/assess/protection/observed (0.00s)
    --- PASS: TestCallbackFailureSurvivesLocalDeadline/assess/protection/own-observed (0.00s)
    --- PASS: TestCallbackFailureSurvivesLocalDeadline/assess/joined-protection/run (0.00s)
    --- PASS: TestCallbackFailureSurvivesLocalDeadline/assess/joined-protection/own (0.00s)
    --- PASS: TestCallbackFailureSurvivesLocalDeadline/assess/joined-protection/observed (0.00s)
    --- PASS: TestCallbackFailureSurvivesLocalDeadline/assess/joined-protection/own-observed (0.00s)
    --- PASS: TestCallbackFailureSurvivesLocalDeadline/assess/joined-ordinary/run (0.00s)
    --- PASS: TestCallbackFailureSurvivesLocalDeadline/assess/joined-ordinary/own (0.00s)
    --- PASS: TestCallbackFailureSurvivesLocalDeadline/assess/joined-ordinary/observed (0.00s)
    --- PASS: TestCallbackFailureSurvivesLocalDeadline/assess/joined-ordinary/own-observed (0.00s)
    --- PASS: TestCallbackFailureSurvivesLocalDeadline/assess/joined-budget/run (0.00s)
    --- PASS: TestCallbackFailureSurvivesLocalDeadline/assess/joined-budget/own (0.00s)
    --- PASS: TestCallbackFailureSurvivesLocalDeadline/assess/joined-budget/observed (0.00s)
    --- PASS: TestCallbackFailureSurvivesLocalDeadline/assess/joined-budget/own-observed (0.00s)
    --- PASS: TestCallbackFailureSurvivesLocalDeadline/encode/ordinary/run (0.00s)
    --- PASS: TestCallbackFailureSurvivesLocalDeadline/encode/ordinary/own (0.00s)
    --- PASS: TestCallbackFailureSurvivesLocalDeadline/encode/ordinary/observed (0.00s)
    --- PASS: TestCallbackFailureSurvivesLocalDeadline/encode/ordinary/own-observed (0.00s)
    --- PASS: TestCallbackFailureSurvivesLocalDeadline/encode/protocol/run (0.00s)
    --- PASS: TestCallbackFailureSurvivesLocalDeadline/encode/protocol/own (0.00s)
    --- PASS: TestCallbackFailureSurvivesLocalDeadline/encode/protocol/observed (0.00s)
    --- PASS: TestCallbackFailureSurvivesLocalDeadline/encode/protocol/own-observed (0.00s)
    --- PASS: TestCallbackFailureSurvivesLocalDeadline/encode/protection/run (0.00s)
    --- PASS: TestCallbackFailureSurvivesLocalDeadline/encode/protection/own (0.00s)
    --- PASS: TestCallbackFailureSurvivesLocalDeadline/encode/protection/observed (0.00s)
    --- PASS: TestCallbackFailureSurvivesLocalDeadline/encode/protection/own-observed (0.00s)
    --- PASS: TestCallbackFailureSurvivesLocalDeadline/encode/joined-protection/run (0.00s)
    --- PASS: TestCallbackFailureSurvivesLocalDeadline/encode/joined-protection/own (0.00s)
    --- PASS: TestCallbackFailureSurvivesLocalDeadline/encode/joined-protection/observed (0.00s)
    --- PASS: TestCallbackFailureSurvivesLocalDeadline/encode/joined-protection/own-observed (0.00s)
    --- PASS: TestCallbackFailureSurvivesLocalDeadline/encode/joined-ordinary/run (0.00s)
    --- PASS: TestCallbackFailureSurvivesLocalDeadline/encode/joined-ordinary/own (0.00s)
    --- PASS: TestCallbackFailureSurvivesLocalDeadline/encode/joined-ordinary/observed (0.00s)
    --- PASS: TestCallbackFailureSurvivesLocalDeadline/encode/joined-ordinary/own-observed (0.00s)
    --- PASS: TestCallbackFailureSurvivesLocalDeadline/encode/joined-budget/run (0.00s)
    --- PASS: TestCallbackFailureSurvivesLocalDeadline/encode/joined-budget/own (0.00s)
    --- PASS: TestCallbackFailureSurvivesLocalDeadline/encode/joined-budget/observed (0.00s)
    --- PASS: TestCallbackFailureSurvivesLocalDeadline/encode/joined-budget/own-observed (0.00s)
=== RUN   TestDeadlineUsageAccounting
--- PASS: TestDeadlineUsageAccounting (0.00s)
=== RUN   TestParentCancellationRetainsCallbackCause
--- PASS: TestParentCancellationRetainsCallbackCause (0.00s)
=== RUN   TestMalformedModelOutputIsNotHiddenByDeadline
=== RUN   TestMalformedModelOutputIsNotHiddenByDeadline/plan
=== RUN   TestMalformedModelOutputIsNotHiddenByDeadline/assess
=== RUN   TestMalformedModelOutputIsNotHiddenByDeadline/encode
--- PASS: TestMalformedModelOutputIsNotHiddenByDeadline (0.00s)
    --- PASS: TestMalformedModelOutputIsNotHiddenByDeadline/plan (0.00s)
    --- PASS: TestMalformedModelOutputIsNotHiddenByDeadline/assess (0.00s)
    --- PASS: TestMalformedModelOutputIsNotHiddenByDeadline/encode (0.00s)
=== RUN   TestArtifactCallbackProtectionSurvivesLocalDeadline
--- PASS: TestArtifactCallbackProtectionSurvivesLocalDeadline (0.00s)
=== RUN   TestIndependentQueryEncodingRetainsUnknownReservation
--- PASS: TestIndependentQueryEncodingRetainsUnknownReservation (0.00s)
=== RUN   TestUnsupportedEncodingRejectsBeforeReservation
--- PASS: TestUnsupportedEncodingRejectsBeforeReservation (0.00s)
=== RUN   TestMalformedEncodingRejectsBeforeBackend
--- PASS: TestMalformedEncodingRejectsBeforeBackend (0.00s)
=== RUN   TestTopKAndPackingCannotCompleteMissingSubquestion
=== RUN   TestTopKAndPackingCannotCompleteMissingSubquestion/topk
=== RUN   TestTopKAndPackingCannotCompleteMissingSubquestion/packing
--- PASS: TestTopKAndPackingCannotCompleteMissingSubquestion (0.00s)
    --- PASS: TestTopKAndPackingCannotCompleteMissingSubquestion/topk (0.00s)
    --- PASS: TestTopKAndPackingCannotCompleteMissingSubquestion/packing (0.00s)
=== RUN   TestCallerLedgerDeadlineLimitsTextCallback
--- PASS: TestCallerLedgerDeadlineLimitsTextCallback (0.04s)
=== RUN   TestBackendMustExplicitlyDeclareModelFree
--- PASS: TestBackendMustExplicitlyDeclareModelFree (0.00s)
=== RUN   TestProjectedPartialSnippetCannotClaimFullDelivery
--- PASS: TestProjectedPartialSnippetCannotClaimFullDelivery (0.00s)
=== RUN   TestArtifactMeasurementRespectsAttemptDeadline
--- PASS: TestArtifactMeasurementRespectsAttemptDeadline (0.04s)
=== RUN   TestSameDocumentIDDifferentFragmentsCannotCompleteDelivery
--- PASS: TestSameDocumentIDDifferentFragmentsCannotCompleteDelivery (0.00s)
=== RUN   TestSamePackedContentRetainsBothActualContributors
--- PASS: TestSamePackedContentRetainsBothActualContributors (0.00s)
=== RUN   TestPackedContributorSnapshotOwnsAndValidatesIndices
--- PASS: TestPackedContributorSnapshotOwnsAndValidatesIndices (0.00s)
=== RUN   TestSamePackedTextPreservesPerContributorUncertainty
--- PASS: TestSamePackedTextPreservesPerContributorUncertainty (0.00s)
=== RUN   TestDisabledArtifactDeliversSelectedDocumentsExplicitly
--- PASS: TestDisabledArtifactDeliversSelectedDocumentsExplicitly (0.00s)
=== RUN   TestRequestedArtifactProtectionFailureSuppressesJournal
--- PASS: TestRequestedArtifactProtectionFailureSuppressesJournal (0.00s)
=== RUN   TestFailedRecipeRecordingRetainsActualObservations
=== RUN   TestFailedRecipeRecordingRetainsActualObservations/plan
=== RUN   TestFailedRecipeRecordingRetainsActualObservations/assess
--- PASS: TestFailedRecipeRecordingRetainsActualObservations (0.00s)
    --- PASS: TestFailedRecipeRecordingRetainsActualObservations/plan (0.00s)
    --- PASS: TestFailedRecipeRecordingRetainsActualObservations/assess (0.00s)
=== RUN   TestRunObservedProtectionSuppressesJournal
--- PASS: TestRunObservedProtectionSuppressesJournal (0.00s)
=== RUN   TestFailedRetrievalObservationIsNotObservedEmpty
--- PASS: TestFailedRetrievalObservationIsNotObservedEmpty (0.00s)
=== RUN   TestRunObservedParentCancellationSuppressesJournal
--- PASS: TestRunObservedParentCancellationSuppressesJournal (0.00s)
=== RUN   TestRecipeSnapshotOwnershipAcrossCallbacksAndOutputs
--- PASS: TestRecipeSnapshotOwnershipAcrossCallbacksAndOutputs (0.00s)
=== RUN   TestRecipeDeadlineStopsWithoutPostDeadlineHostCallbacks
--- PASS: TestRecipeDeadlineStopsWithoutPostDeadlineHostCallbacks (0.00s)
=== RUN   TestRecipeUnknownPriceAndUnsupportedBeforeDispatch
--- PASS: TestRecipeUnknownPriceAndUnsupportedBeforeDispatch (0.00s)
=== RUN   TestModelPortsReceiveReservedLimits
--- PASS: TestModelPortsReceiveReservedLimits (0.00s)
=== RUN   TestAdvisoryPriceDoesNotHideTokenOverrun
=== RUN   TestAdvisoryPriceDoesNotHideTokenOverrun/plan
=== RUN   TestAdvisoryPriceDoesNotHideTokenOverrun/assess
--- PASS: TestAdvisoryPriceDoesNotHideTokenOverrun (0.00s)
    --- PASS: TestAdvisoryPriceDoesNotHideTokenOverrun/plan (0.00s)
    --- PASS: TestAdvisoryPriceDoesNotHideTokenOverrun/assess (0.00s)
=== RUN   TestZeroModelReservationRejectsBeforeDispatch
--- PASS: TestZeroModelReservationRejectsBeforeDispatch (0.00s)
=== RUN   TestRecipeInvalidPlanningAssessmentAndUsageFailWithoutPayloads
=== RUN   TestRecipeInvalidPlanningAssessmentAndUsageFailWithoutPayloads/overflow
=== RUN   TestRecipeInvalidPlanningAssessmentAndUsageFailWithoutPayloads/duplicate
=== RUN   TestRecipeInvalidPlanningAssessmentAndUsageFailWithoutPayloads/selection
=== RUN   TestRecipeInvalidPlanningAssessmentAndUsageFailWithoutPayloads/usage
=== RUN   TestRecipeInvalidPlanningAssessmentAndUsageFailWithoutPayloads/foreign-support
=== RUN   TestRecipeInvalidPlanningAssessmentAndUsageFailWithoutPayloads/oversized-result
--- PASS: TestRecipeInvalidPlanningAssessmentAndUsageFailWithoutPayloads (0.00s)
    --- PASS: TestRecipeInvalidPlanningAssessmentAndUsageFailWithoutPayloads/overflow (0.00s)
    --- PASS: TestRecipeInvalidPlanningAssessmentAndUsageFailWithoutPayloads/duplicate (0.00s)
    --- PASS: TestRecipeInvalidPlanningAssessmentAndUsageFailWithoutPayloads/selection (0.00s)
    --- PASS: TestRecipeInvalidPlanningAssessmentAndUsageFailWithoutPayloads/usage (0.00s)
    --- PASS: TestRecipeInvalidPlanningAssessmentAndUsageFailWithoutPayloads/foreign-support (0.00s)
    --- PASS: TestRecipeInvalidPlanningAssessmentAndUsageFailWithoutPayloads/oversized-result (0.00s)
=== RUN   TestParentDeadlineAndUnsafePrecomputedVectorProfile
--- PASS: TestParentDeadlineAndUnsafePrecomputedVectorProfile (0.00s)
=== RUN   TestAdvisoryUnknownPricingRetainsReservationsAndDiagnostic
--- PASS: TestAdvisoryUnknownPricingRetainsReservationsAndDiagnostic (0.00s)
=== RUN   TestRecipeDocumentSourcesOwnedAcrossAssessorAndFusion
--- PASS: TestRecipeDocumentSourcesOwnedAcrossAssessorAndFusion (0.00s)
=== RUN   TestRecipeSourcePortMustConfirmAllDocumentSupports
--- PASS: TestRecipeSourcePortMustConfirmAllDocumentSupports (0.00s)
=== RUN   TestRecipeDiagnosticFailureDoesNotReplayDispatch
--- PASS: TestRecipeDiagnosticFailureDoesNotReplayDispatch (0.00s)
=== RUN   TestRecipeEncodingUnknownUsageAndQueryOrdinal
--- PASS: TestRecipeEncodingUnknownUsageAndQueryOrdinal (0.00s)
=== RUN   TestRecipeBudgetAndUnsupportedDispatchObservation
=== RUN   TestRecipeBudgetAndUnsupportedDispatchObservation/budget
=== RUN   TestRecipeBudgetAndUnsupportedDispatchObservation/unsupported
--- PASS: TestRecipeBudgetAndUnsupportedDispatchObservation (0.00s)
    --- PASS: TestRecipeBudgetAndUnsupportedDispatchObservation/budget (0.00s)
    --- PASS: TestRecipeBudgetAndUnsupportedDispatchObservation/unsupported (0.00s)
=== RUN   TestRecipeFailedModelDoesNotInventUsageOrRetry
--- PASS: TestRecipeFailedModelDoesNotInventUsageOrRetry (0.00s)
=== RUN   TestRecipeCancellationObservationSuppressesPayload
--- PASS: TestRecipeCancellationObservationSuppressesPayload (0.00s)
=== RUN   TestFailedDispatchStageIsNotSuccessfulEmptyObservation
--- PASS: TestFailedDispatchStageIsNotSuccessfulEmptyObservation (0.00s)
=== RUN   TestReferenceRecipeCases
=== RUN   TestReferenceRecipeCases/helpful_rewrite
=== RUN   TestReferenceRecipeCases/harmful_rewrite_retains_original
=== RUN   TestReferenceRecipeCases/no_answer
=== RUN   TestReferenceRecipeCases/multi_query_dedup
=== RUN   TestReferenceRecipeCases/decomposition
=== RUN   TestReferenceRecipeCases/partial_decomposition
--- PASS: TestReferenceRecipeCases (0.00s)
    --- PASS: TestReferenceRecipeCases/helpful_rewrite (0.00s)
    --- PASS: TestReferenceRecipeCases/harmful_rewrite_retains_original (0.00s)
    --- PASS: TestReferenceRecipeCases/no_answer (0.00s)
    --- PASS: TestReferenceRecipeCases/multi_query_dedup (0.00s)
    --- PASS: TestReferenceRecipeCases/decomposition (0.00s)
    --- PASS: TestReferenceRecipeCases/partial_decomposition (0.00s)
=== RUN   TestRecipeBudgetStopBeforeModelDispatch
--- PASS: TestRecipeBudgetStopBeforeModelDispatch (0.00s)
=== RUN   TestRecipeRevocationAndCancellationSuppressEverySideOutput
=== RUN   TestRecipeRevocationAndCancellationSuppressEverySideOutput/planner
=== RUN   TestRecipeRevocationAndCancellationSuppressEverySideOutput/assessor
=== RUN   TestRecipeRevocationAndCancellationSuppressEverySideOutput/retrieval
--- PASS: TestRecipeRevocationAndCancellationSuppressEverySideOutput (0.00s)
    --- PASS: TestRecipeRevocationAndCancellationSuppressEverySideOutput/planner (0.00s)
    --- PASS: TestRecipeRevocationAndCancellationSuppressEverySideOutput/assessor (0.00s)
    --- PASS: TestRecipeRevocationAndCancellationSuppressEverySideOutput/retrieval (0.00s)
=== RUN   TestRecordingDecisionDistinguishesDirectAndMissingPackedDelivery
=== RUN   TestRecordingDecisionDistinguishesDirectAndMissingPackedDelivery/direct
=== RUN   TestRecordingDecisionDistinguishesDirectAndMissingPackedDelivery/deadline
=== RUN   TestRecordingDecisionDistinguishesDirectAndMissingPackedDelivery/partial
--- PASS: TestRecordingDecisionDistinguishesDirectAndMissingPackedDelivery (0.04s)
    --- PASS: TestRecordingDecisionDistinguishesDirectAndMissingPackedDelivery/direct (0.00s)
    --- PASS: TestRecordingDecisionDistinguishesDirectAndMissingPackedDelivery/deadline (0.04s)
    --- PASS: TestRecordingDecisionDistinguishesDirectAndMissingPackedDelivery/partial (0.00s)
=== RUN   TestDerivedDeliveryFreshSourceDenialSuppressesRecording
--- PASS: TestDerivedDeliveryFreshSourceDenialSuppressesRecording (0.00s)
=== RUN   TestRecipeRecordingActualBM25ModesAndNoRetry
=== RUN   TestRecipeRecordingActualBM25ModesAndNoRetry/disabled
=== RUN   TestRecipeRecordingActualBM25ModesAndNoRetry/best_effort
=== RUN   TestRecipeRecordingActualBM25ModesAndNoRetry/required
--- PASS: TestRecipeRecordingActualBM25ModesAndNoRetry (0.01s)
    --- PASS: TestRecipeRecordingActualBM25ModesAndNoRetry/disabled (0.00s)
    --- PASS: TestRecipeRecordingActualBM25ModesAndNoRetry/best_effort (0.00s)
    --- PASS: TestRecipeRecordingActualBM25ModesAndNoRetry/required (0.00s)
=== RUN   TestRecipeRecordingRequiredAdmissionAndRevocation
=== RUN   TestRecipeRecordingRequiredAdmissionAndRevocation/unsupported
=== RUN   TestRecipeRecordingRequiredAdmissionAndRevocation/nil_codec
=== RUN   TestRecipeRecordingRequiredAdmissionAndRevocation/source
=== RUN   TestRecipeRecordingRequiredAdmissionAndRevocation/sink
--- PASS: TestRecipeRecordingRequiredAdmissionAndRevocation (0.00s)
    --- PASS: TestRecipeRecordingRequiredAdmissionAndRevocation/unsupported (0.00s)
    --- PASS: TestRecipeRecordingRequiredAdmissionAndRevocation/nil_codec (0.00s)
    --- PASS: TestRecipeRecordingRequiredAdmissionAndRevocation/source (0.00s)
    --- PASS: TestRecipeRecordingRequiredAdmissionAndRevocation/sink (0.00s)
=== RUN   TestRecipeRecordingBudgetStopReportsUnexecutedModels
--- PASS: TestRecipeRecordingBudgetStopReportsUnexecutedModels (0.01s)
=== RUN   TestSnapshotResultRevocationSuppressesEmptyEnvelope
--- PASS: TestSnapshotResultRevocationSuppressesEmptyEnvelope (0.00s)
=== RUN   TestRecipeRecordingExportsOriginalLocationsAfterDedup
--- PASS: TestRecipeRecordingExportsOriginalLocationsAfterDedup (0.01s)
=== RUN   TestSufficiencyIsObservedAndSnapshotOwned
--- PASS: TestSufficiencyIsObservedAndSnapshotOwned (0.00s)
=== RUN   TestSufficiencyIsUnavailableWhenAssessmentNotDispatched
--- PASS: TestSufficiencyIsUnavailableWhenAssessmentNotDispatched (0.00s)
PASS
ok  	github.com/skosovsky/ragy/recipe	1.678s
