{"command": ["go", "mod", "edit", "-dropreplace=github.com/skosovsky/ragy"], "cwd": "/var/folders/46/5ywmz5gj26n7mnky51gd60g00000gn/T/ragy-context-bridge-qgj5_1u9/consumer", "GOWORK": "off"}
{"command": ["go", "mod", "edit", "-dropreplace=github.com/skosovsky/memy"], "cwd": "/var/folders/46/5ywmz5gj26n7mnky51gd60g00000gn/T/ragy-context-bridge-qgj5_1u9/consumer", "GOWORK": "off"}
{"command": ["go", "mod", "edit", "-dropreplace=github.com/skosovsky/contexty"], "cwd": "/var/folders/46/5ywmz5gj26n7mnky51gd60g00000gn/T/ragy-context-bridge-qgj5_1u9/consumer", "GOWORK": "off"}
{"command": ["go", "mod", "edit", "-require=github.com/skosovsky/ragy@v0.8.1"], "cwd": "/var/folders/46/5ywmz5gj26n7mnky51gd60g00000gn/T/ragy-context-bridge-qgj5_1u9/consumer", "GOWORK": "off"}
{"command": ["go", "mod", "tidy"], "cwd": "/var/folders/46/5ywmz5gj26n7mnky51gd60g00000gn/T/ragy-context-bridge-qgj5_1u9/consumer", "GOWORK": "off"}
go: downloading github.com/skosovsky/ragy v0.8.1
{"command": ["go", "mod", "edit", "-json"], "cwd": "/var/folders/46/5ywmz5gj26n7mnky51gd60g00000gn/T/ragy-context-bridge-qgj5_1u9/consumer", "GOWORK": "off"}
{
	"Module": {
		"Path": "example.com/ragy-context-bridge"
	},
	"Go": "1.27.1",
	"Require": [
		{
			"Path": "github.com/santhosh-tekuri/jsonschema/v6",
			"Version": "v6.0.3"
		},
		{
			"Path": "github.com/skosovsky/contexty",
			"Version": "v0.13.1"
		},
		{
			"Path": "github.com/skosovsky/memy",
			"Version": "v0.3.1"
		},
		{
			"Path": "github.com/skosovsky/ragy",
			"Version": "v0.8.1"
		},
		{
			"Path": "golang.org/x/text",
			"Version": "v0.42.0",
			"Indirect": true
		}
	]
}
{"command": ["go", "list", "-m", "all"], "cwd": "/var/folders/46/5ywmz5gj26n7mnky51gd60g00000gn/T/ragy-context-bridge-qgj5_1u9/consumer", "GOWORK": "off"}
example.com/ragy-context-bridge
github.com/dlclark/regexp2 v1.11.0
github.com/mattn/go-sqlite3 v1.14.52
github.com/santhosh-tekuri/jsonschema/v6 v6.0.3
github.com/skosovsky/contexty v0.13.1
github.com/skosovsky/memy v0.3.1
github.com/skosovsky/ragy v0.8.1
github.com/stretchr/testify v1.12.1
go.yaml.in/yaml/v3 v3.0.5
golang.org/x/mod v0.41.0
golang.org/x/sync v0.23.0
golang.org/x/text v0.42.0
golang.org/x/tools v0.49.0
{"command": ["go", "mod", "download", "-json", "github.com/skosovsky/ragy@v0.8.1"], "cwd": "/var/folders/46/5ywmz5gj26n7mnky51gd60g00000gn/T/ragy-context-bridge-qgj5_1u9/consumer", "GOWORK": "off"}
{
	"Path": "github.com/skosovsky/ragy",
	"Version": "v0.8.1",
	"Info": "/tmp/ragy-task21-modcache/cache/download/github.com/skosovsky/ragy/@v/v0.8.1.info",
	"GoMod": "/tmp/ragy-task21-modcache/cache/download/github.com/skosovsky/ragy/@v/v0.8.1.mod",
	"Zip": "/tmp/ragy-task21-modcache/cache/download/github.com/skosovsky/ragy/@v/v0.8.1.zip",
	"Dir": "/tmp/ragy-task21-modcache/github.com/skosovsky/ragy@v0.8.1",
	"Sum": "h1:FMmxH9s8YxfPvv7ajNAwFsGgUmDFIi32uQj5uSPSxm0=",
	"GoModSum": "h1:czJrWaKvukDTD9TbQJgz5oGPlgAnSQ4tUlCdoqwXlMg=",
	"Origin": {
		"VCS": "git",
		"URL": "https://github.com/skosovsky/ragy",
		"Hash": "b12fedb529edfa7304fa713e823d114e496254ef",
		"Ref": "refs/tags/v0.8.1"
	}
}
{"command": ["go", "mod", "download", "-json", "github.com/skosovsky/memy@v0.3.1"], "cwd": "/var/folders/46/5ywmz5gj26n7mnky51gd60g00000gn/T/ragy-context-bridge-qgj5_1u9/consumer", "GOWORK": "off"}
{
	"Path": "github.com/skosovsky/memy",
	"Version": "v0.3.1",
	"Info": "/tmp/ragy-task21-modcache/cache/download/github.com/skosovsky/memy/@v/v0.3.1.info",
	"GoMod": "/tmp/ragy-task21-modcache/cache/download/github.com/skosovsky/memy/@v/v0.3.1.mod",
	"Zip": "/tmp/ragy-task21-modcache/cache/download/github.com/skosovsky/memy/@v/v0.3.1.zip",
	"Dir": "/tmp/ragy-task21-modcache/github.com/skosovsky/memy@v0.3.1",
	"Sum": "h1:Fw8vN082CsSGJtF4b+mMZW+lpKGeR1/cFQFg4RapSsw=",
	"GoModSum": "h1:LpA3oi0n8yYWbUPUlX2AWAGZgLbRyvVinwXBlEoYMlk=",
	"Origin": {
		"VCS": "git",
		"URL": "https://github.com/skosovsky/memy",
		"Hash": "27b788e8d56ee33ccb3dd5a8fc99d5dee75fedff",
		"Ref": "refs/tags/v0.3.1"
	}
}
{"command": ["go", "mod", "download", "-json", "github.com/skosovsky/contexty@v0.13.1"], "cwd": "/var/folders/46/5ywmz5gj26n7mnky51gd60g00000gn/T/ragy-context-bridge-qgj5_1u9/consumer", "GOWORK": "off"}
{
	"Path": "github.com/skosovsky/contexty",
	"Version": "v0.13.1",
	"Info": "/tmp/ragy-task21-modcache/cache/download/github.com/skosovsky/contexty/@v/v0.13.1.info",
	"GoMod": "/tmp/ragy-task21-modcache/cache/download/github.com/skosovsky/contexty/@v/v0.13.1.mod",
	"Zip": "/tmp/ragy-task21-modcache/cache/download/github.com/skosovsky/contexty/@v/v0.13.1.zip",
	"Dir": "/tmp/ragy-task21-modcache/github.com/skosovsky/contexty@v0.13.1",
	"Sum": "h1:xLct8igPiDCcA4Q3eL3D6lIYI/UmZpwekSxNKyOZ3hk=",
	"GoModSum": "h1:nI2K3X+F42fSRfM1aZ0Sy09Rla5OsPgM3tXY9e+Kd6w=",
	"Origin": {
		"VCS": "git",
		"URL": "https://github.com/skosovsky/contexty",
		"Hash": "3ce901169b09b7136b126d9baa98e1875b33fa82",
		"Ref": "refs/tags/v0.13.1"
	}
}
{"command": ["go", "test", "-race", "-count=1", "./..."], "cwd": "/var/folders/46/5ywmz5gj26n7mnky51gd60g00000gn/T/ragy-context-bridge-qgj5_1u9/consumer", "GOWORK": "off"}
ok  	example.com/ragy-context-bridge	14.983s
?   	example.com/ragy-context-bridge/cmd/demo	[no test files]
{"command": ["go", "run", "./cmd/demo"], "cwd": "/var/folders/46/5ywmz5gj26n7mnky51gd60g00000gn/T/ragy-context-bridge-qgj5_1u9/consumer", "GOWORK": "off"}
{"role":"user","text":"\u003cdata\u003e\nretrieved content is untrusted\n\n[1] canonical\nКанонический текст 😀\n\u003c/data\u003e"}
roundtrip references=1 precision=preserved score-state=0
forget=complete managed-contexts=0
