{"command": ["go", "mod", "edit", "-dropreplace=github.com/skosovsky/ragy"], "cwd": "/var/folders/46/5ywmz5gj26n7mnky51gd60g00000gn/T/ragy-context-bridge-pulrc8mm/consumer", "GOWORK": "off"}
{"command": ["go", "mod", "edit", "-dropreplace=github.com/skosovsky/memy"], "cwd": "/var/folders/46/5ywmz5gj26n7mnky51gd60g00000gn/T/ragy-context-bridge-pulrc8mm/consumer", "GOWORK": "off"}
{"command": ["go", "mod", "edit", "-dropreplace=github.com/skosovsky/contexty"], "cwd": "/var/folders/46/5ywmz5gj26n7mnky51gd60g00000gn/T/ragy-context-bridge-pulrc8mm/consumer", "GOWORK": "off"}
{"command": ["go", "mod", "tidy"], "cwd": "/var/folders/46/5ywmz5gj26n7mnky51gd60g00000gn/T/ragy-context-bridge-pulrc8mm/consumer", "GOWORK": "off"}
{"command": ["go", "mod", "edit", "-json"], "cwd": "/var/folders/46/5ywmz5gj26n7mnky51gd60g00000gn/T/ragy-context-bridge-pulrc8mm/consumer", "GOWORK": "off"}
{
	"Module": {
		"Path": "example.com/ragy-context-bridge"
	},
	"Go": "1.27.1",
	"Require": [
		{
			"Path": "github.com/santhosh-tekuri/jsonschema/v6",
			"Version": "v6.0.3"
		},
		{
			"Path": "github.com/skosovsky/contexty",
			"Version": "v0.13.1"
		},
		{
			"Path": "github.com/skosovsky/memy",
			"Version": "v0.2.1"
		},
		{
			"Path": "github.com/skosovsky/ragy",
			"Version": "v0.8.0"
		},
		{
			"Path": "golang.org/x/text",
			"Version": "v0.42.0",
			"Indirect": true
		}
	]
}
{"command": ["go", "list", "-m", "all"], "cwd": "/var/folders/46/5ywmz5gj26n7mnky51gd60g00000gn/T/ragy-context-bridge-pulrc8mm/consumer", "GOWORK": "off"}
example.com/ragy-context-bridge
github.com/dlclark/regexp2 v1.11.0
github.com/mattn/go-sqlite3 v1.14.52
github.com/santhosh-tekuri/jsonschema/v6 v6.0.3
github.com/skosovsky/contexty v0.13.1
github.com/skosovsky/memy v0.2.1
github.com/skosovsky/ragy v0.8.0
github.com/stretchr/testify v1.12.1
go.yaml.in/yaml/v3 v3.0.5
golang.org/x/mod v0.41.0
golang.org/x/sync v0.23.0
golang.org/x/text v0.42.0
golang.org/x/tools v0.49.0
{"command": ["go", "test", "-race", "-count=1", "./..."], "cwd": "/var/folders/46/5ywmz5gj26n7mnky51gd60g00000gn/T/ragy-context-bridge-pulrc8mm/consumer", "GOWORK": "off"}
# example.com/ragy-context-bridge
./search.go:58:16: undefined: memy.ScoreOf
./search.go:65:20: undefined: memy.Score
FAIL	example.com/ragy-context-bridge [build failed]
FAIL	example.com/ragy-context-bridge/cmd/demo [build failed]
FAIL
Traceback (most recent call last):
  File "/Users/skosovsky/Library/Mobile Documents/com~apple~CloudDocs/Загрузки/Projects/ai/ragy/scripts/check_context_bridge.py", line 74, in <module>
    raise SystemExit(main())
                     ~~~~^^
  File "/Users/skosovsky/Library/Mobile Documents/com~apple~CloudDocs/Загрузки/Projects/ai/ragy/scripts/check_context_bridge.py", line 64, in main
    run([go, "test", "-race", "-count=1", "./..."], module, env, record["commands"])
    ~~~^^^^^^^^^^^^^^^^^^^^^^^^^^^^^^^^^^^^^^^^^^^^^^^^^^^^^^^^^^^^^^^^^^^^^^^^^^^^^
  File "/Users/skosovsky/Library/Mobile Documents/com~apple~CloudDocs/Загрузки/Projects/ai/ragy/scripts/check_context_bridge.py", line 22, in run
    raise subprocess.CalledProcessError(result.returncode, command)
subprocess.CalledProcessError: Command '['go', 'test', '-race', '-count=1', './...']' returned non-zero exit status 1.
